<?xml version="1.0" encoding="UTF-8"?>
<testsuites tests="177" failures="0" disabled="4" errors="0" time="40.568" timestamp="2026-02-16T07:32:32.102" name="AllTests">
  <testsuite name="BasicTest" tests="19" failures="0" disabled="0" skipped="0" errors="0" time="0.013" timestamp="2026-02-16T07:32:32.102">
    <testcase name="TestOpenCVInitialization" file="/Users/azumag/work/obs-stabilizer/tests/test_basic.cpp" line="16" status="run" result="completed" time="0.001" timestamp="2026-02-16T07:32:32.102" classname="BasicTest" />
    <testcase name="TestFrameGeneration" file="/Users/azumag/work/obs-stabilizer/tests/test_basic.cpp" line="26" status="run" result="completed" time="0." timestamp="2026-02-16T07:32:32.104" classname="BasicTest" />
    <testcase name="TestMotionFrameGeneration" file="/Users/azumag/work/obs-stabilizer/tests/test_basic.cpp" line="33" status="run" result="completed" time="0.002" timestamp="2026-02-16T07:32:32.104" classname="BasicTest" />
    <testcase name="TestSequenceGeneration" file="/Users/azumag/work/obs-stabilizer/tests/test_basic.cpp" line="40" status="run" result="completed" time="0.001" timestamp="2026-02-16T07:32:32.106" classname="BasicTest" />
    <testcase name="TestDifferentVideoFormats" file="/Users/azumag/work/obs-stabilizer/tests/test_basic.cpp" line="56" status="run" result="completed" time="0." timestamp="2026-02-16T07:32:32.108" classname="BasicTest" />
    <testcase name="TestFrameWithFeatures" file="/Users/azumag/work/obs-stabilizer/tests/test_basic.cpp" line="61" status="run" result="completed" time="0." timestamp="2026-02-16T07:32:32.108" classname="BasicTest" />
    <testcase name="TestComprehensiveTestData" file="/Users/azumag/work/obs-stabilizer/tests/test_basic.cpp" line="68" status="run" result="completed" time="0.006" timestamp="2026-02-16T07:32:32.108" classname="BasicTest" />
    <testcase name="TestHorizontalMotionFrame" file="/Users/azumag/work/obs-stabilizer/tests/test_basic.cpp" line="79" status="run" result="completed" time="0." timestamp="2026-02-16T07:32:32.114" classname="BasicTest" />
    <testcase name="TestVerticalMotionFrame" file="/Users/azumag/work/obs-stabilizer/tests/test_basic.cpp" line="89" status="run" result="completed" time="0." timestamp="2026-02-16T07:32:32.114" classname="BasicTest" />
    <testcase name="TestRotationFrame" file="/Users/azumag/work/obs-stabilizer/tests/test_basic.cpp" line="99" status="run" result="completed" time="0." timestamp="2026-02-16T07:32:32.115" classname="BasicTest" />
    <testcase name="TestZoomFrame" file="/Users/azumag/work/obs-stabilizer/tests/test_basic.cpp" line="110" status="run" result="completed" time="0." timestamp="2026-02-16T07:32:32.115" classname="BasicTest" />
    <testcase name="TestResolutionConstants" file="/Users/azumag/work/obs-stabilizer/tests/test_basic.cpp" line="121" status="run" result="completed" time="0." timestamp="2026-02-16T07:32:32.116" classname="BasicTest" />
    <testcase name="TestFrameCountConstants" file="/Users/azumag/work/obs-stabilizer/tests/test_basic.cpp" line="128" status="run" result="completed" time="0." timestamp="2026-02-16T07:32:32.116" classname="BasicTest" />
    <testcase name="TestMotionConstants" file="/Users/azumag/work/obs-stabilizer/tests/test_basic.cpp" line="135" status="run" result="completed" time="0." timestamp="2026-02-16T07:32:32.116" classname="BasicTest" />
    <testcase name="TestFeatureConstants" file="/Users/azumag/work/obs-stabilizer/tests/test_basic.cpp" line="145" status="run" result="completed" time="0." timestamp="2026-02-16T07:32:32.116" classname="BasicTest" />
    <testcase name="TestProcessingConstants" file="/Users/azumag/work/obs-stabilizer/tests/test_basic.cpp" line="153" status="run" result="completed" time="0." timestamp="2026-02-16T07:32:32.116" classname="BasicTest" />
    <testcase name="TestFrameDimensionValidation" file="/Users/azumag/work/obs-stabilizer/tests/test_basic.cpp" line="162" status="run" result="completed" time="0." timestamp="2026-02-16T07:32:32.116" classname="BasicTest" />
    <testcase name="TestOverflowProtectionLargeFrame" file="/Users/azumag/work/obs-stabilizer/tests/test_basic.cpp" line="172" status="run" result="completed" time="0." timestamp="2026-02-16T07:32:32.116" classname="BasicTest" />
    <testcase name="TestOverflowProtectionZeroDimension" file="/Users/azumag/work/obs-stabilizer/tests/test_basic.cpp" line="186" status="run" result="completed" time="0." timestamp="2026-02-16T07:32:32.116" classname="BasicTest" />
  </testsuite>
  <testsuite name="StabilizerCoreTest" tests="28" failures="0" disabled="0" skipped="0" errors="0" time="0.24" timestamp="2026-02-16T07:32:32.116">
    <testcase name="BasicFunctionality" file="/Users/azumag/work/obs-stabilizer/tests/test_stabilizer_core.cpp" line="32" status="run" result="completed" time="0." timestamp="2026-02-16T07:32:32.116" classname="StabilizerCoreTest" />
    <testcase name="InitializationWithDifferentResolutions" file="/Users/azumag/work/obs-stabilizer/tests/test_stabilizer_core.cpp" line="44" status="run" result="completed" time="0." timestamp="2026-02-16T07:32:32.116" classname="StabilizerCoreTest" />
    <testcase name="ProcessSingleFrame" file="/Users/azumag/work/obs-stabilizer/tests/test_stabilizer_core.cpp" line="59" status="run" result="completed" time="0.005" timestamp="2026-02-16T07:32:32.116" classname="StabilizerCoreTest" />
    <testcase name="ProcessMultipleFrames" file="/Users/azumag/work/obs-stabilizer/tests/test_stabilizer_core.cpp" line="75" status="run" result="completed" time="0.028" timestamp="2026-02-16T07:32:32.121" classname="StabilizerCoreTest" />
    <testcase name="ProcessHorizontalMotion" file="/Users/azumag/work/obs-stabilizer/tests/test_stabilizer_core.cpp" line="93" status="run" result="completed" time="0.041" timestamp="2026-02-16T07:32:32.149" classname="StabilizerCoreTest" />
    <testcase name="ProcessVerticalMotion" file="/Users/azumag/work/obs-stabilizer/tests/test_stabilizer_core.cpp" line="110" status="run" result="completed" time="0.041" timestamp="2026-02-16T07:32:32.190" classname="StabilizerCoreTest" />
    <testcase name="ProcessRotation" file="/Users/azumag/work/obs-stabilizer/tests/test_stabilizer_core.cpp" line="128" status="run" result="completed" time="0.041" timestamp="2026-02-16T07:32:32.231" classname="StabilizerCoreTest" />
    <testcase name="ProcessZoom" file="/Users/azumag/work/obs-stabilizer/tests/test_stabilizer_core.cpp" line="146" status="run" result="completed" time="0.04" timestamp="2026-02-16T07:32:32.273" classname="StabilizerCoreTest" />
    <testcase name="ParameterValidation" file="/Users/azumag/work/obs-stabilizer/tests/test_stabilizer_core.cpp" line="164" status="run" result="completed" time="0." timestamp="2026-02-16T07:32:32.314" classname="StabilizerCoreTest" />
    <testcase name="UpdateParameters" file="/Users/azumag/work/obs-stabilizer/tests/test_stabilizer_core.cpp" line="194" status="run" result="completed" time="0." timestamp="2026-02-16T07:32:32.314" classname="StabilizerCoreTest" />
    <testcase name="ResetState" file="/Users/azumag/work/obs-stabilizer/tests/test_stabilizer_core.cpp" line="209" status="run" result="completed" time="0.001" timestamp="2026-02-16T07:32:32.314" classname="StabilizerCoreTest" />
    <testcase name="PerformanceMetrics" file="/Users/azumag/work/obs-stabilizer/tests/test_stabilizer_core.cpp" line="224" status="run" result="completed" time="0.024" timestamp="2026-02-16T07:32:32.315" classname="StabilizerCoreTest" />
    <testcase name="PresetConfigurations" file="/Users/azumag/work/obs-stabilizer/tests/test_stabilizer_core.cpp" line="243" status="run" result="completed" time="0." timestamp="2026-02-16T07:32:32.339" classname="StabilizerCoreTest" />
    <testcase name="ErrorHandling" file="/Users/azumag/work/obs-stabilizer/tests/test_stabilizer_core.cpp" line="260" status="run" result="completed" time="0." timestamp="2026-02-16T07:32:32.339" classname="StabilizerCoreTest" />
    <testcase name="DifferentFeatureCounts" file="/Users/azumag/work/obs-stabilizer/tests/test_stabilizer_core.cpp" line="272" status="run" result="completed" time="0.002" timestamp="2026-02-16T07:32:32.339" classname="StabilizerCoreTest" />
    <testcase name="DifferentSmoothingWindows" file="/Users/azumag/work/obs-stabilizer/tests/test_stabilizer_core.cpp" line="288" status="run" result="completed" time="0.002" timestamp="2026-02-16T07:32:32.342" classname="StabilizerCoreTest" />
    <testcase name="EdgeModePadding" file="/Users/azumag/work/obs-stabilizer/tests/test_stabilizer_core.cpp" line="304" status="run" result="completed" time="0.001" timestamp="2026-02-16T07:32:32.344" classname="StabilizerCoreTest" />
    <testcase name="EdgeModeCrop" file="/Users/azumag/work/obs-stabilizer/tests/test_stabilizer_core.cpp" line="317" status="run" result="completed" time="0.001" timestamp="2026-02-16T07:32:32.346" classname="StabilizerCoreTest" />
    <testcase name="EdgeModeScale" file="/Users/azumag/work/obs-stabilizer/tests/test_stabilizer_core.cpp" line="331" status="run" result="completed" time="0.001" timestamp="2026-02-16T07:32:32.347" classname="StabilizerCoreTest" />
    <testcase name="DetectContentBounds" file="/Users/azumag/work/obs-stabilizer/tests/test_stabilizer_core.cpp" line="344" status="run" result="completed" time="0.001" timestamp="2026-02-16T07:32:32.348" classname="StabilizerCoreTest" />
    <testcase name="DetectContentBoundsFullFrame" file="/Users/azumag/work/obs-stabilizer/tests/test_stabilizer_core.cpp" line="360" status="run" result="completed" time="0.001" timestamp="2026-02-16T07:32:32.350" classname="StabilizerCoreTest" />
    <testcase name="DetectContentBoundsExtremeBorder" file="/Users/azumag/work/obs-stabilizer/tests/test_stabilizer_core.cpp" line="374" status="run" result="completed" time="0." timestamp="2026-02-16T07:32:32.351" classname="StabilizerCoreTest" />
    <testcase name="DetectContentBoundsMinFrameSize" file="/Users/azumag/work/obs-stabilizer/tests/test_stabilizer_core.cpp" line="390" status="run" result="completed" time="0." timestamp="2026-02-16T07:32:32.352" classname="StabilizerCoreTest" />
    <testcase name="DetectContentBoundsUltraWideAspect" file="/Users/azumag/work/obs-stabilizer/tests/test_stabilizer_core.cpp" line="404" status="run" result="completed" time="0." timestamp="2026-02-16T07:32:32.352" classname="StabilizerCoreTest" />
    <testcase name="DetectContentBoundsSquareAspect" file="/Users/azumag/work/obs-stabilizer/tests/test_stabilizer_core.cpp" line="419" status="run" result="completed" time="0." timestamp="2026-02-16T07:32:32.353" classname="StabilizerCoreTest" />
    <testcase name="DetectContentBoundsAllBlack" file="/Users/azumag/work/obs-stabilizer/tests/test_stabilizer_core.cpp" line="434" status="run" result="completed" time="0." timestamp="2026-02-16T07:32:32.353" classname="StabilizerCoreTest" />
    <testcase name="EdgeModeWithMinimalBorders" file="/Users/azumag/work/obs-stabilizer/tests/test_stabilizer_core.cpp" line="448" status="run" result="completed" time="0.001" timestamp="2026-02-16T07:32:32.354" classname="StabilizerCoreTest" />
    <testcase name="EdgeModeWithLargeBorders" file="/Users/azumag/work/obs-stabilizer/tests/test_stabilizer_core.cpp" line="463" status="run" result="completed" time="0.001" timestamp="2026-02-16T07:32:32.355" classname="StabilizerCoreTest" />
  </testsuite>
  <testsuite name="EdgeCaseTest" tests="56" failures="0" disabled="0" skipped="0" errors="0" time="0.26" timestamp="2026-02-16T07:32:32.356">
    <testcase name="EmptyFrameHandling" file="/Users/azumag/work/obs-stabilizer/tests/test_edge_cases.cpp" line="37" status="run" result="completed" time="0." timestamp="2026-02-16T07:32:32.356" classname="EdgeCaseTest" />
    <testcase name="NullFramePointerHandling" file="/Users/azumag/work/obs-stabilizer/tests/test_edge_cases.cpp" line="48" status="run" result="completed" time="0." timestamp="2026-02-16T07:32:32.356" classname="EdgeCaseTest" />
    <testcase name="ZeroWidthFrame" file="/Users/azumag/work/obs-stabilizer/tests/test_edge_cases.cpp" line="60" status="run" result="completed" time="0." timestamp="2026-02-16T07:32:32.356" classname="EdgeCaseTest" />
    <testcase name="ZeroHeightFrame" file="/Users/azumag/work/obs-stabilizer/tests/test_edge_cases.cpp" line="67" status="run" result="completed" time="0." timestamp="2026-02-16T07:32:32.356" classname="EdgeCaseTest" />
    <testcase name="VerySmallFrame" file="/Users/azumag/work/obs-stabilizer/tests/test_edge_cases.cpp" line="74" status="run" result="completed" time="0." timestamp="2026-02-16T07:32:32.356" classname="EdgeCaseTest" />
    <testcase name="VeryLargeFrame" file="/Users/azumag/work/obs-stabilizer/tests/test_edge_cases.cpp" line="81" status="run" result="completed" time="0." timestamp="2026-02-16T07:32:32.356" classname="EdgeCaseTest" />
    <testcase name="SingleChannelFrame" file="/Users/azumag/work/obs-stabilizer/tests/test_edge_cases.cpp" line="92" status="run" result="completed" time="0.001" timestamp="2026-02-16T07:32:32.356" classname="EdgeCaseTest" />
    <testcase name="TwoChannelFrame" file="/Users/azumag/work/obs-stabilizer/tests/test_edge_cases.cpp" line="103" status="run" result="completed" time="0." timestamp="2026-02-16T07:32:32.357" classname="EdgeCaseTest" />
    <testcase name="SixteenBitDepthFrame" file="/Users/azumag/work/obs-stabilizer/tests/test_edge_cases.cpp" line="114" status="run" result="completed" time="0." timestamp="2026-02-16T07:32:32.357" classname="EdgeCaseTest" />
    <testcase name="MinimumValidFrameSize" file="/Users/azumag/work/obs-stabilizer/tests/test_edge_cases.cpp" line="129" status="run" result="completed" time="0." timestamp="2026-02-16T07:32:32.357" classname="EdgeCaseTest" />
    <testcase name="SmoothingRadiusBoundary" file="/Users/azumag/work/obs-stabilizer/tests/test_edge_cases.cpp" line="141" status="run" result="completed" time="0." timestamp="2026-02-16T07:32:32.357" classname="EdgeCaseTest" />
    <testcase name="FeatureCountBoundary" file="/Users/azumag/work/obs-stabilizer/tests/test_edge_cases.cpp" line="163" status="run" result="completed" time="0." timestamp="2026-02-16T07:32:32.357" classname="EdgeCaseTest" />
    <testcase name="QualityLevelBoundary" file="/Users/azumag/work/obs-stabilizer/tests/test_edge_cases.cpp" line="180" status="run" result="completed" time="0." timestamp="2026-02-16T07:32:32.357" classname="EdgeCaseTest" />
    <testcase name="ResetDuringProcessing" file="/Users/azumag/work/obs-stabilizer/tests/test_edge_cases.cpp" line="206" status="run" result="completed" time="0.013" timestamp="2026-02-16T07:32:32.357" classname="EdgeCaseTest" />
    <testcase name="ReinitializeWithDifferentParams" file="/Users/azumag/work/obs-stabilizer/tests/test_edge_cases.cpp" line="230" status="run" result="completed" time="0.007" timestamp="2026-02-16T07:32:32.371" classname="EdgeCaseTest" />
    <testcase name="AllBlackFrame" file="/Users/azumag/work/obs-stabilizer/tests/test_edge_cases.cpp" line="256" status="run" result="completed" time="0.001" timestamp="2026-02-16T07:32:32.379" classname="EdgeCaseTest" />
    <testcase name="AllWhiteFrame" file="/Users/azumag/work/obs-stabilizer/tests/test_edge_cases.cpp" line="268" status="run" result="completed" time="0.001" timestamp="2026-02-16T07:32:32.380" classname="EdgeCaseTest" />
    <testcase name="FrameUtilsEmptyMatValidation" file="/Users/azumag/work/obs-stabilizer/tests/test_edge_cases.cpp" line="284" status="run" result="completed" time="0." timestamp="2026-02-16T07:32:32.381" classname="EdgeCaseTest" />
    <testcase name="FrameUtilsInvalidDimensions" file="/Users/azumag/work/obs-stabilizer/tests/test_edge_cases.cpp" line="289" status="run" result="completed" time="0.001" timestamp="2026-02-16T07:32:32.381" classname="EdgeCaseTest" />
    <testcase name="FrameUtilsInvalidChannels" file="/Users/azumag/work/obs-stabilizer/tests/test_edge_cases.cpp" line="308" status="run" result="completed" time="0." timestamp="2026-02-16T07:32:32.382" classname="EdgeCaseTest" />
    <testcase name="ColorConversionGrayscale" file="/Users/azumag/work/obs-stabilizer/tests/test_edge_cases.cpp" line="313" status="run" result="completed" time="0." timestamp="2026-02-16T07:32:32.382" classname="EdgeCaseTest" />
    <testcase name="ColorConversionEmptyFrame" file="/Users/azumag/work/obs-stabilizer/tests/test_edge_cases.cpp" line="320" status="run" result="completed" time="0." timestamp="2026-02-16T07:32:32.382" classname="EdgeCaseTest" />
    <testcase name="InitializeWithZeroWidth" file="/Users/azumag/work/obs-stabilizer/tests/test_edge_cases.cpp" line="330" status="run" result="completed" time="0." timestamp="2026-02-16T07:32:32.382" classname="EdgeCaseTest" />
    <testcase name="InitializeWithZeroHeight" file="/Users/azumag/work/obs-stabilizer/tests/test_edge_cases.cpp" line="336" status="run" result="completed" time="0." timestamp="2026-02-16T07:32:32.382" classname="EdgeCaseTest" />
    <testcase name="InitializeWithTooSmallDimensions" file="/Users/azumag/work/obs-stabilizer/tests/test_edge_cases.cpp" line="342" status="run" result="completed" time="0." timestamp="2026-02-16T07:32:32.382" classname="EdgeCaseTest" />
    <testcase name="InitializeWithMinimumValidDimensions" file="/Users/azumag/work/obs-stabilizer/tests/test_edge_cases.cpp" line="349" status="run" result="completed" time="0." timestamp="2026-02-16T07:32:32.382" classname="EdgeCaseTest" />
    <testcase name="ProcessFrame32BitFloatDepth" file="/Users/azumag/work/obs-stabilizer/tests/test_edge_cases.cpp" line="355" status="run" result="completed" time="0." timestamp="2026-02-16T07:32:32.382" classname="EdgeCaseTest" />
    <testcase name="ProcessFrame64BitFloatDepth" file="/Users/azumag/work/obs-stabilizer/tests/test_edge_cases.cpp" line="366" status="run" result="completed" time="0." timestamp="2026-02-16T07:32:32.382" classname="EdgeCaseTest" />
    <testcase name="ProcessFrame3Channels" file="/Users/azumag/work/obs-stabilizer/tests/test_edge_cases.cpp" line="377" status="run" result="completed" time="0.001" timestamp="2026-02-16T07:32:32.382" classname="EdgeCaseTest" />
    <testcase name="ProcessFrame5Channels" file="/Users/azumag/work/obs-stabilizer/tests/test_edge_cases.cpp" line="389" status="run" result="completed" time="0.001" timestamp="2026-02-16T07:32:32.383" classname="EdgeCaseTest" />
    <testcase name="ProcessFrameWithExtremeMaxCorrection" file="/Users/azumag/work/obs-stabilizer/tests/test_edge_cases.cpp" line="402" status="run" result="completed" time="0.012" timestamp="2026-02-16T07:32:32.385" classname="EdgeCaseTest" />
    <testcase name="ProcessFrameWithZeroFeatureCount" file="/Users/azumag/work/obs-stabilizer/tests/test_edge_cases.cpp" line="416" status="run" result="completed" time="0.001" timestamp="2026-02-16T07:32:32.397" classname="EdgeCaseTest" />
    <testcase name="ProcessFrameWithNegativeSmoothingRadius" file="/Users/azumag/work/obs-stabilizer/tests/test_edge_cases.cpp" line="428" status="run" result="completed" time="0.012" timestamp="2026-02-16T07:32:32.398" classname="EdgeCaseTest" />
    <testcase name="ProcessFrameWithVeryLargeSmoothingRadius" file="/Users/azumag/work/obs-stabilizer/tests/test_edge_cases.cpp" line="441" status="run" result="completed" time="0.018" timestamp="2026-02-16T07:32:32.410" classname="EdgeCaseTest" />
    <testcase name="ProcessFrameSequenceWithTrackingFailures" file="/Users/azumag/work/obs-stabilizer/tests/test_edge_cases.cpp" line="458" status="run" result="completed" time="0.012" timestamp="2026-02-16T07:32:32.429" classname="EdgeCaseTest" />
    <testcase name="ProcessAllBlackFrameSequence" file="/Users/azumag/work/obs-stabilizer/tests/test_edge_cases.cpp" line="476" status="run" result="completed" time="0.012" timestamp="2026-02-16T07:32:32.441" classname="EdgeCaseTest" />
    <testcase name="ProcessAllWhiteFrameSequence" file="/Users/azumag/work/obs-stabilizer/tests/test_edge_cases.cpp" line="487" status="run" result="completed" time="0.012" timestamp="2026-02-16T07:32:32.453" classname="EdgeCaseTest" />
    <testcase name="ProcessAlternatingBlackWhiteFrames" file="/Users/azumag/work/obs-stabilizer/tests/test_edge_cases.cpp" line="498" status="run" result="completed" time="0.012" timestamp="2026-02-16T07:32:32.466" classname="EdgeCaseTest" />
    <testcase name="ResetAfterTrackingFailures" file="/Users/azumag/work/obs-stabilizer/tests/test_edge_cases.cpp" line="515" status="run" result="completed" time="0.007" timestamp="2026-02-16T07:32:32.478" classname="EdgeCaseTest" />
    <testcase name="EdgeModePadding" file="/Users/azumag/work/obs-stabilizer/tests/test_edge_cases.cpp" line="536" status="run" result="completed" time="0.012" timestamp="2026-02-16T07:32:32.485" classname="EdgeCaseTest" />
    <testcase name="EdgeModeCrop" file="/Users/azumag/work/obs-stabilizer/tests/test_edge_cases.cpp" line="549" status="run" result="completed" time="0.016" timestamp="2026-02-16T07:32:32.498" classname="EdgeCaseTest" />
    <testcase name="EdgeModeScale" file="/Users/azumag/work/obs-stabilizer/tests/test_edge_cases.cpp" line="561" status="run" result="completed" time="0.027" timestamp="2026-02-16T07:32:32.514" classname="EdgeCaseTest" />
    <testcase name="EdgeModeCropWithBlackBorders" file="/Users/azumag/work/obs-stabilizer/tests/test_edge_cases.cpp" line="574" status="run" result="completed" time="0.001" timestamp="2026-02-16T07:32:32.541" classname="EdgeCaseTest" />
    <testcase name="EdgeModeScaleWithBlackBorders" file="/Users/azumag/work/obs-stabilizer/tests/test_edge_cases.cpp" line="587" status="run" result="completed" time="0.001" timestamp="2026-02-16T07:32:32.543" classname="EdgeCaseTest" />
    <testcase name="DetectContentBoundsSquareFrame" file="/Users/azumag/work/obs-stabilizer/tests/test_edge_cases.cpp" line="600" status="run" result="completed" time="0." timestamp="2026-02-16T07:32:32.544" classname="EdgeCaseTest" />
    <testcase name="DetectContentBoundsUltrawideFrame" file="/Users/azumag/work/obs-stabilizer/tests/test_edge_cases.cpp" line="612" status="run" result="completed" time="0.002" timestamp="2026-02-16T07:32:32.545" classname="EdgeCaseTest" />
    <testcase name="DetectContentBoundsMinimumFrame" file="/Users/azumag/work/obs-stabilizer/tests/test_edge_cases.cpp" line="624" status="run" result="completed" time="0." timestamp="2026-02-16T07:32:32.548" classname="EdgeCaseTest" />
    <testcase name="DetectContentBoundsAllBlack" file="/Users/azumag/work/obs-stabilizer/tests/test_edge_cases.cpp" line="636" status="run" result="completed" time="0." timestamp="2026-02-16T07:32:32.548" classname="EdgeCaseTest" />
    <testcase name="DetectContentBoundsAllWhite" file="/Users/azumag/work/obs-stabilizer/tests/test_edge_cases.cpp" line="648" status="run" result="completed" time="0.001" timestamp="2026-02-16T07:32:32.548" classname="EdgeCaseTest" />
    <testcase name="PresetGaming" file="/Users/azumag/work/obs-stabilizer/tests/test_edge_cases.cpp" line="664" status="run" result="completed" time="0.012" timestamp="2026-02-16T07:32:32.549" classname="EdgeCaseTest" />
    <testcase name="PresetStreaming" file="/Users/azumag/work/obs-stabilizer/tests/test_edge_cases.cpp" line="675" status="run" result="completed" time="0.016" timestamp="2026-02-16T07:32:32.561" classname="EdgeCaseTest" />
    <testcase name="PresetRecording" file="/Users/azumag/work/obs-stabilizer/tests/test_edge_cases.cpp" line="686" status="run" result="completed" time="0.026" timestamp="2026-02-16T07:32:32.577" classname="EdgeCaseTest" />
    <testcase name="PerformanceMetricsAfterProcessing" file="/Users/azumag/work/obs-stabilizer/tests/test_edge_cases.cpp" line="701" status="run" result="completed" time="0.012" timestamp="2026-02-16T07:32:32.604" classname="EdgeCaseTest" />
    <testcase name="IsReadyAfterInitialization" file="/Users/azumag/work/obs-stabilizer/tests/test_edge_cases.cpp" line="715" status="run" result="completed" time="0." timestamp="2026-02-16T07:32:32.617" classname="EdgeCaseTest" />
    <testcase name="IsReadyBeforeInitialization" file="/Users/azumag/work/obs-stabilizer/tests/test_edge_cases.cpp" line="722" status="run" result="completed" time="0." timestamp="2026-02-16T07:32:32.617" classname="EdgeCaseTest" />
    <testcase name="GetLastErrorAfterError" file="/Users/azumag/work/obs-stabilizer/tests/test_edge_cases.cpp" line="726" status="run" result="completed" time="0." timestamp="2026-02-16T07:32:32.617" classname="EdgeCaseTest" />
  </testsuite>
  <testsuite name="IntegrationTest" tests="14" failures="0" disabled="0" skipped="0" errors="0" time="1.195" timestamp="2026-02-16T07:32:32.617">
    <testcase name="ProcessLongSequence" file="/Users/azumag/work/obs-stabilizer/tests/test_integration.cpp" line="36" status="run" result="completed" time="0.403" timestamp="2026-02-16T07:32:32.617" classname="IntegrationTest" />
    <testcase name="ContinuousMotionSequence" file="/Users/azumag/work/obs-stabilizer/tests/test_integration.cpp" line="56" status="run" result="completed" time="0.041" timestamp="2026-02-16T07:32:33.021" classname="IntegrationTest" />
    <testcase name="ResolutionChangeDuringStream" file="/Users/azumag/work/obs-stabilizer/tests/test_integration.cpp" line="80" status="run" result="completed" time="0.056" timestamp="2026-02-16T07:32:33.062" classname="IntegrationTest" />
    <testcase name="MultipleReinitializations" file="/Users/azumag/work/obs-stabilizer/tests/test_integration.cpp" line="112" status="run" result="completed" time="0.063" timestamp="2026-02-16T07:32:33.119" classname="IntegrationTest" />
    <testcase name="UpdateParametersDuringStream" file="/Users/azumag/work/obs-stabilizer/tests/test_integration.cpp" line="137" status="run" result="completed" time="0.037" timestamp="2026-02-16T07:32:33.182" classname="IntegrationTest" />
    <testcase name="MixedMotionSequence" file="/Users/azumag/work/obs-stabilizer/tests/test_integration.cpp" line="180" status="run" result="completed" time="0.072" timestamp="2026-02-16T07:32:33.220" classname="IntegrationTest" />
    <testcase name="PerformanceMetricsTracking" file="/Users/azumag/work/obs-stabilizer/tests/test_integration.cpp" line="216" status="run" result="completed" time="0.061" timestamp="2026-02-16T07:32:33.292" classname="IntegrationTest" />
    <testcase name="DisabledStabilizerPerformance" file="/Users/azumag/work/obs-stabilizer/tests/test_integration.cpp" line="234" status="run" result="completed" time="0.061" timestamp="2026-02-16T07:32:33.354" classname="IntegrationTest" />
    <testcase name="TransformHistoryManagement" file="/Users/azumag/work/obs-stabilizer/tests/test_integration.cpp" line="272" status="run" result="completed" time="0.04" timestamp="2026-02-16T07:32:33.416" classname="IntegrationTest" />
    <testcase name="GamingPresetIntegration" file="/Users/azumag/work/obs-stabilizer/tests/test_integration.cpp" line="293" status="run" result="completed" time="0.064" timestamp="2026-02-16T07:32:33.457" classname="IntegrationTest" />
    <testcase name="StreamingPresetIntegration" file="/Users/azumag/work/obs-stabilizer/tests/test_integration.cpp" line="307" status="run" result="completed" time="0.125" timestamp="2026-02-16T07:32:33.521" classname="IntegrationTest" />
    <testcase name="RecordingPresetIntegration" file="/Users/azumag/work/obs-stabilizer/tests/test_integration.cpp" line="321" status="run" result="completed" time="0.137" timestamp="2026-02-16T07:32:33.647" classname="IntegrationTest" />
    <testcase name="RecoverFromInvalidFrame" file="/Users/azumag/work/obs-stabilizer/tests/test_integration.cpp" line="339" status="run" result="completed" time="0.013" timestamp="2026-02-16T07:32:33.784" classname="IntegrationTest" />
    <testcase name="RecoverFromBadInitialization" file="/Users/azumag/work/obs-stabilizer/tests/test_integration.cpp" line="368" status="run" result="completed" time="0.014" timestamp="2026-02-16T07:32:33.797" classname="IntegrationTest" />
  </testsuite>
  <testsuite name="MemoryLeakTest" tests="13" failures="0" disabled="0" skipped="0" errors="0" time="19.421" timestamp="2026-02-16T07:32:33.812">
    <testcase name="LongDurationProcessing" file="/Users/azumag/work/obs-stabilizer/tests/test_memory_leaks.cpp" line="80" status="run" result="completed" time="1.413" timestamp="2026-02-16T07:32:33.812" classname="MemoryLeakTest" />
    <testcase name="ContinuousReinitialization" file="/Users/azumag/work/obs-stabilizer/tests/test_memory_leaks.cpp" line="114" status="run" result="completed" time="1.401" timestamp="2026-02-16T07:32:35.226" classname="MemoryLeakTest" />
    <testcase name="MultipleInstancesSimultaneously" file="/Users/azumag/work/obs-stabilizer/tests/test_memory_leaks.cpp" line="142" status="run" result="completed" time="1.383" timestamp="2026-02-16T07:32:36.627" classname="MemoryLeakTest" />
    <testcase name="ParameterUpdateMemory" file="/Users/azumag/work/obs-stabilizer/tests/test_memory_leaks.cpp" line="180" status="run" result="completed" time="0.128" timestamp="2026-02-16T07:32:38.011" classname="MemoryLeakTest" />
    <testcase name="ResetDuringProcessing" file="/Users/azumag/work/obs-stabilizer/tests/test_memory_leaks.cpp" line="210" status="run" result="completed" time="0.736" timestamp="2026-02-16T07:32:38.140" classname="MemoryLeakTest" />
    <testcase name="LargeFrameProcessing" file="/Users/azumag/work/obs-stabilizer/tests/test_memory_leaks.cpp" line="241" status="run" result="completed" time="0.808" timestamp="2026-02-16T07:32:38.876" classname="MemoryLeakTest" />
    <testcase name="TransformBufferManagement" file="/Users/azumag/work/obs-stabilizer/tests/test_memory_leaks.cpp" line="266" status="run" result="completed" time="1.144" timestamp="2026-02-16T07:32:39.684" classname="MemoryLeakTest" />
    <testcase name="FeatureTrackingMemory" file="/Users/azumag/work/obs-stabilizer/tests/test_memory_leaks.cpp" line="295" status="run" result="completed" time="6.299" timestamp="2026-02-16T07:32:40.829" classname="MemoryLeakTest" />
    <testcase name="EmptyFrameHandlingMemory" file="/Users/azumag/work/obs-stabilizer/tests/test_memory_leaks.cpp" line="320" status="run" result="completed" time="0." timestamp="2026-02-16T07:32:47.128" classname="MemoryLeakTest" />
    <testcase name="InvalidFrameHandlingMemory" file="/Users/azumag/work/obs-stabilizer/tests/test_memory_leaks.cpp" line="338" status="run" result="completed" time="0." timestamp="2026-02-16T07:32:47.128" classname="MemoryLeakTest" />
    <testcase name="StressTestMemory" file="/Users/azumag/work/obs-stabilizer/tests/test_memory_leaks.cpp" line="360" status="run" result="completed" time="5.97" timestamp="2026-02-16T07:32:47.128" classname="MemoryLeakTest" />
    <testcase name="FrameUtilsColorConversionMemory" file="/Users/azumag/work/obs-stabilizer/tests/test_memory_leaks.cpp" line="390" status="run" result="completed" time="0.118" timestamp="2026-02-16T07:32:53.099" classname="MemoryLeakTest" />
    <testcase name="FrameUtilsValidationMemory" file="/Users/azumag/work/obs-stabilizer/tests/test_memory_leaks.cpp" line="409" status="run" result="completed" time="0.017" timestamp="2026-02-16T07:32:53.217" classname="MemoryLeakTest" />
  </testsuite>
  <testsuite name="VisualStabilizationTest" tests="12" failures="0" disabled="0" skipped="0" errors="0" time="5.169" timestamp="2026-02-16T07:32:53.234">
    <testcase name="ShakeReductionForCameraShake" file="/Users/azumag/work/obs-stabilizer/tests/test_visual_quality.cpp" line="246" status="run" result="completed" time="0.291" timestamp="2026-02-16T07:32:53.234" classname="VisualStabilizationTest" />
    <testcase name="ShakeReductionForHandTremor" file="/Users/azumag/work/obs-stabilizer/tests/test_visual_quality.cpp" line="275" status="run" result="completed" time="0.295" timestamp="2026-02-16T07:32:53.525" classname="VisualStabilizationTest" />
    <testcase name="StrongSmoothingReducesMoreShake" file="/Users/azumag/work/obs-stabilizer/tests/test_visual_quality.cpp" line="311" status="run" result="completed" time="0.536" timestamp="2026-02-16T07:32:53.821" classname="VisualStabilizationTest" />
    <testcase name="ShakeVarianceReduction" file="/Users/azumag/work/obs-stabilizer/tests/test_visual_quality.cpp" line="342" status="run" result="completed" time="0.294" timestamp="2026-02-16T07:32:54.358" classname="VisualStabilizationTest" />
    <testcase name="EdgeMovementReduction" file="/Users/azumag/work/obs-stabilizer/tests/test_visual_quality.cpp" line="399" status="run" result="completed" time="0.166" timestamp="2026-02-16T07:32:54.652" classname="VisualStabilizationTest" />
    <testcase name="PanMotionPreserved" file="/Users/azumag/work/obs-stabilizer/tests/test_visual_quality.cpp" line="456" status="run" result="completed" time="0.289" timestamp="2026-02-16T07:32:54.819" classname="VisualStabilizationTest" />
    <testcase name="StaticSceneRemainsStable" file="/Users/azumag/work/obs-stabilizer/tests/test_visual_quality.cpp" line="480" status="run" result="completed" time="0.231" timestamp="2026-02-16T07:32:55.109" classname="VisualStabilizationTest" />
    <testcase name="ZoomMotionHandling" file="/Users/azumag/work/obs-stabilizer/tests/test_visual_quality.cpp" line="509" status="run" result="completed" time="0.294" timestamp="2026-02-16T07:32:55.340" classname="VisualStabilizationTest" />
    <testcase name="MoreFeaturesImprovesQuality" file="/Users/azumag/work/obs-stabilizer/tests/test_visual_quality.cpp" line="533" status="run" result="completed" time="0.536" timestamp="2026-02-16T07:32:55.635" classname="VisualStabilizationTest" />
    <testcase name="MixedMotionQuality" file="/Users/azumag/work/obs-stabilizer/tests/test_visual_quality.cpp" line="561" status="run" result="completed" time="0.219" timestamp="2026-02-16T07:32:56.172" classname="VisualStabilizationTest" />
    <testcase name="GamingScenarioShakeReduction" file="/Users/azumag/work/obs-stabilizer/tests/test_visual_quality.cpp" line="604" status="run" result="completed" time="0.31" timestamp="2026-02-16T07:32:56.391" classname="VisualStabilizationTest" />
    <testcase name="StreamingScenarioShakeReduction" file="/Users/azumag/work/obs-stabilizer/tests/test_visual_quality.cpp" line="627" status="run" result="completed" time="1.702" timestamp="2026-02-16T07:32:56.701" classname="VisualStabilizationTest" />
  </testsuite>
  <testsuite name="PerformanceThresholdTest" tests="12" failures="0" disabled="3" skipped="0" errors="0" time="8.874" timestamp="2026-02-16T07:32:58.404">
    <testcase name="CPUUsageWithinThreshold" file="/Users/azumag/work/obs-stabilizer/tests/test_performance_thresholds.cpp" line="305" status="run" result="completed" time="0.233" timestamp="2026-02-16T07:32:58.404" classname="PerformanceThresholdTest" />
    <testcase name="DISABLED_CPUUsageScalesWithResolution" file="/Users/azumag/work/obs-stabilizer/tests/test_performance_thresholds.cpp" line="361" status="notrun" result="suppressed" time="0." timestamp="1970-01-01T09:00:00.000" classname="PerformanceThresholdTest" />
    <testcase name="DISABLED_CPUUsageWithMultipleSources" file="/Users/azumag/work/obs-stabilizer/tests/test_performance_thresholds.cpp" line="415" status="notrun" result="suppressed" time="0." timestamp="1970-01-01T09:00:00.000" classname="PerformanceThresholdTest" />
    <testcase name="ProcessingDelayWithinThreshold_HD_30fps" file="/Users/azumag/work/obs-stabilizer/tests/test_performance_thresholds.cpp" line="468" status="run" result="completed" time="1.078" timestamp="2026-02-16T07:32:58.637" classname="PerformanceThresholdTest" />
    <testcase name="ProcessingDelayWithinThreshold_VGA_30fps" file="/Users/azumag/work/obs-stabilizer/tests/test_performance_thresholds.cpp" line="506" status="run" result="completed" time="0.214" timestamp="2026-02-16T07:32:59.715" classname="PerformanceThresholdTest" />
    <testcase name="ProcessingDelayWithDifferentMotionTypes" file="/Users/azumag/work/obs-stabilizer/tests/test_performance_thresholds.cpp" line="532" status="run" result="completed" time="2.295" timestamp="2026-02-16T07:32:59.930" classname="PerformanceThresholdTest" />
    <testcase name="ProcessingDelayWithDifferentSmoothing" file="/Users/azumag/work/obs-stabilizer/tests/test_performance_thresholds.cpp" line="565" status="run" result="completed" time="1.549" timestamp="2026-02-16T07:33:02.225" classname="PerformanceThresholdTest" />
    <testcase name="ProcessingDelayWithDifferentFeatureCounts" file="/Users/azumag/work/obs-stabilizer/tests/test_performance_thresholds.cpp" line="606" status="run" result="completed" time="1.629" timestamp="2026-02-16T07:33:03.775" classname="PerformanceThresholdTest" />
    <testcase name="DISABLED_ProcessingDelayConsistency" file="/Users/azumag/work/obs-stabilizer/tests/test_performance_thresholds.cpp" line="642" status="notrun" result="suppressed" time="0." timestamp="1970-01-01T09:00:00.000" classname="PerformanceThresholdTest" />
    <testcase name="GamingPresetPerformance" file="/Users/azumag/work/obs-stabilizer/tests/test_performance_thresholds.cpp" line="681" status="run" result="completed" time="0.23" timestamp="2026-02-16T07:33:05.404" classname="PerformanceThresholdTest" />
    <testcase name="StreamingPresetPerformance" file="/Users/azumag/work/obs-stabilizer/tests/test_performance_thresholds.cpp" line="703" status="run" result="completed" time="1.172" timestamp="2026-02-16T07:33:05.635" classname="PerformanceThresholdTest" />
    <testcase name="RecordingPresetPerformance" file="/Users/azumag/work/obs-stabilizer/tests/test_performance_thresholds.cpp" line="725" status="run" result="completed" time="0.471" timestamp="2026-02-16T07:33:06.807" classname="PerformanceThresholdTest" />
  </testsuite>
  <testsuite name="MultiSourceTest" tests="10" failures="0" disabled="1" skipped="0" errors="0" time="5.388" timestamp="2026-02-16T07:33:07.278">
    <testcase name="TwoSources" file="/Users/azumag/work/obs-stabilizer/tests/test_multi_source.cpp" line="145" status="run" result="completed" time="0.229" timestamp="2026-02-16T07:33:07.278" classname="MultiSourceTest" />
    <testcase name="FiveSources" file="/Users/azumag/work/obs-stabilizer/tests/test_multi_source.cpp" line="182" status="run" result="completed" time="0.575" timestamp="2026-02-16T07:33:07.508" classname="MultiSourceTest" />
    <testcase name="TenSources" file="/Users/azumag/work/obs-stabilizer/tests/test_multi_source.cpp" line="222" status="run" result="completed" time="0.63" timestamp="2026-02-16T07:33:08.084" classname="MultiSourceTest" />
    <testcase name="MixedResolutionSources" file="/Users/azumag/work/obs-stabilizer/tests/test_multi_source.cpp" line="267" status="run" result="completed" time="0.635" timestamp="2026-02-16T07:33:08.714" classname="MultiSourceTest" />
    <testcase name="DifferentParametersPerSource" file="/Users/azumag/work/obs-stabilizer/tests/test_multi_source.cpp" line="316" status="run" result="completed" time="0.328" timestamp="2026-02-16T07:33:09.350" classname="MultiSourceTest" />
    <testcase name="DynamicAddRemoveSources" file="/Users/azumag/work/obs-stabilizer/tests/test_multi_source.cpp" line="358" status="run" result="completed" time="0.364" timestamp="2026-02-16T07:33:09.678" classname="MultiSourceTest" />
    <testcase name="MemoryUsageWithMultipleSources" file="/Users/azumag/work/obs-stabilizer/tests/test_multi_source.cpp" line="428" status="run" result="completed" time="1.046" timestamp="2026-02-16T07:33:10.043" classname="MultiSourceTest" />
    <testcase name="DISABLED_RapidStartStopMultipleSources" file="/Users/azumag/work/obs-stabilizer/tests/test_multi_source.cpp" line="481" status="notrun" result="suppressed" time="0." timestamp="1970-01-01T09:00:00.000" classname="MultiSourceTest" />
    <testcase name="LongRunningMultipleSources" file="/Users/azumag/work/obs-stabilizer/tests/test_multi_source.cpp" line="520" status="run" result="completed" time="1.409" timestamp="2026-02-16T07:33:11.089" classname="MultiSourceTest" />
    <testcase name="IsolatedSourceFailure" file="/Users/azumag/work/obs-stabilizer/tests/test_multi_source.cpp" line="563" status="run" result="completed" time="0.168" timestamp="2026-02-16T07:33:12.499" classname="MultiSourceTest" />
  </testsuite>
  <testsuite name="PresetManagerTest" tests="13" failures="0" disabled="0" skipped="0" errors="0" time="0.003" timestamp="2026-02-16T07:33:12.667">
    <testcase name="SaveBasicPreset" file="/Users/azumag/work/obs-stabilizer/tests/test_preset_manager.cpp" line="88" status="run" result="completed" time="0." timestamp="2026-02-16T07:33:12.667" classname="PresetManagerTest" />
    <testcase name="SavePresetWithEmptyName" file="/Users/azumag/work/obs-stabilizer/tests/test_preset_manager.cpp" line="101" status="run" result="completed" time="0." timestamp="2026-02-16T07:33:12.668" classname="PresetManagerTest" />
    <testcase name="SavePresetWithSpecialCharacters" file="/Users/azumag/work/obs-stabilizer/tests/test_preset_manager.cpp" line="112" status="run" result="completed" time="0." timestamp="2026-02-16T07:33:12.668" classname="PresetManagerTest" />
    <testcase name="LoadSavedPreset" file="/Users/azumag/work/obs-stabilizer/tests/test_preset_manager.cpp" line="131" status="run" result="completed" time="0." timestamp="2026-02-16T07:33:12.668" classname="PresetManagerTest" />
    <testcase name="LoadNonExistentPreset" file="/Users/azumag/work/obs-stabilizer/tests/test_preset_manager.cpp" line="155" status="run" result="completed" time="0." timestamp="2026-02-16T07:33:12.669" classname="PresetManagerTest" />
    <testcase name="DeleteExistingPreset" file="/Users/azumag/work/obs-stabilizer/tests/test_preset_manager.cpp" line="170" status="run" result="completed" time="0." timestamp="2026-02-16T07:33:12.669" classname="PresetManagerTest" />
    <testcase name="DeleteNonExistentPreset" file="/Users/azumag/work/obs-stabilizer/tests/test_preset_manager.cpp" line="186" status="run" result="completed" time="0." timestamp="2026-02-16T07:33:12.669" classname="PresetManagerTest" />
    <testcase name="ListPresetsWhenEmpty" file="/Users/azumag/work/obs-stabilizer/tests/test_preset_manager.cpp" line="200" status="run" result="completed" time="0." timestamp="2026-02-16T07:33:12.669" classname="PresetManagerTest" />
    <testcase name="ListMultiplePresets" file="/Users/azumag/work/obs-stabilizer/tests/test_preset_manager.cpp" line="213" status="run" result="completed" time="0." timestamp="2026-02-16T07:33:12.669" classname="PresetManagerTest" />
    <testcase name="PresetExistsForExistingPreset" file="/Users/azumag/work/obs-stabilizer/tests/test_preset_manager.cpp" line="245" status="run" result="completed" time="0." timestamp="2026-02-16T07:33:12.670" classname="PresetManagerTest" />
    <testcase name="PresetExistsForNonExistentPreset" file="/Users/azumag/work/obs-stabilizer/tests/test_preset_manager.cpp" line="258" status="run" result="completed" time="0." timestamp="2026-02-16T07:33:12.670" classname="PresetManagerTest" />
    <testcase name="SaveModifyReloadPreset" file="/Users/azumag/work/obs-stabilizer/tests/test_preset_manager.cpp" line="272" status="run" result="completed" time="0." timestamp="2026-02-16T07:33:12.670" classname="PresetManagerTest" />
    <testcase name="OverwriteExistingPreset" file="/Users/azumag/work/obs-stabilizer/tests/test_preset_manager.cpp" line="296" status="run" result="completed" time="0." timestamp="2026-02-16T07:33:12.670" classname="PresetManagerTest" />
  </testsuite>
</testsuites>
