<?xml version="1.0" encoding="UTF-8"?>
<testsuites tests="253" failures="2" disabled="1" errors="0" time="42.344" timestamp="2026-02-16T21:27:02.174" name="AllTests">
  <testsuite name="BasicTest" tests="19" failures="0" disabled="0" skipped="0" errors="0" time="0.012" timestamp="2026-02-16T21:27:02.175">
    <testcase name="TestOpenCVInitialization" file="/Users/azumag/work/obs-stabilizer/tests/test_basic.cpp" line="19" status="run" result="completed" time="0." timestamp="2026-02-16T21:27:02.175" classname="BasicTest" />
    <testcase name="TestFrameGeneration" file="/Users/azumag/work/obs-stabilizer/tests/test_basic.cpp" line="29" status="run" result="completed" time="0." timestamp="2026-02-16T21:27:02.175" classname="BasicTest" />
    <testcase name="TestMotionFrameGeneration" file="/Users/azumag/work/obs-stabilizer/tests/test_basic.cpp" line="36" status="run" result="completed" time="0.001" timestamp="2026-02-16T21:27:02.175" classname="BasicTest" />
    <testcase name="TestSequenceGeneration" file="/Users/azumag/work/obs-stabilizer/tests/test_basic.cpp" line="43" status="run" result="completed" time="0.001" timestamp="2026-02-16T21:27:02.176" classname="BasicTest" />
    <testcase name="TestDifferentVideoFormats" file="/Users/azumag/work/obs-stabilizer/tests/test_basic.cpp" line="59" status="run" result="completed" time="0." timestamp="2026-02-16T21:27:02.178" classname="BasicTest" />
    <testcase name="TestFrameWithFeatures" file="/Users/azumag/work/obs-stabilizer/tests/test_basic.cpp" line="64" status="run" result="completed" time="0." timestamp="2026-02-16T21:27:02.178" classname="BasicTest" />
    <testcase name="TestComprehensiveTestData" file="/Users/azumag/work/obs-stabilizer/tests/test_basic.cpp" line="71" status="run" result="completed" time="0.007" timestamp="2026-02-16T21:27:02.178" classname="BasicTest" />
    <testcase name="TestHorizontalMotionFrame" file="/Users/azumag/work/obs-stabilizer/tests/test_basic.cpp" line="82" status="run" result="completed" time="0." timestamp="2026-02-16T21:27:02.185" classname="BasicTest" />
    <testcase name="TestVerticalMotionFrame" file="/Users/azumag/work/obs-stabilizer/tests/test_basic.cpp" line="92" status="run" result="completed" time="0." timestamp="2026-02-16T21:27:02.186" classname="BasicTest" />
    <testcase name="TestRotationFrame" file="/Users/azumag/work/obs-stabilizer/tests/test_basic.cpp" line="102" status="run" result="completed" time="0." timestamp="2026-02-16T21:27:02.186" classname="BasicTest" />
    <testcase name="TestZoomFrame" file="/Users/azumag/work/obs-stabilizer/tests/test_basic.cpp" line="113" status="run" result="completed" time="0." timestamp="2026-02-16T21:27:02.187" classname="BasicTest" />
    <testcase name="TestResolutionConstants" file="/Users/azumag/work/obs-stabilizer/tests/test_basic.cpp" line="124" status="run" result="completed" time="0." timestamp="2026-02-16T21:27:02.187" classname="BasicTest" />
    <testcase name="TestFrameCountConstants" file="/Users/azumag/work/obs-stabilizer/tests/test_basic.cpp" line="131" status="run" result="completed" time="0." timestamp="2026-02-16T21:27:02.187" classname="BasicTest" />
    <testcase name="TestMotionConstants" file="/Users/azumag/work/obs-stabilizer/tests/test_basic.cpp" line="138" status="run" result="completed" time="0." timestamp="2026-02-16T21:27:02.187" classname="BasicTest" />
    <testcase name="TestFeatureConstants" file="/Users/azumag/work/obs-stabilizer/tests/test_basic.cpp" line="148" status="run" result="completed" time="0." timestamp="2026-02-16T21:27:02.187" classname="BasicTest" />
    <testcase name="TestProcessingConstants" file="/Users/azumag/work/obs-stabilizer/tests/test_basic.cpp" line="156" status="run" result="completed" time="0." timestamp="2026-02-16T21:27:02.187" classname="BasicTest" />
    <testcase name="TestFrameDimensionValidation" file="/Users/azumag/work/obs-stabilizer/tests/test_basic.cpp" line="165" status="run" result="completed" time="0." timestamp="2026-02-16T21:27:02.187" classname="BasicTest" />
    <testcase name="TestOverflowProtectionLargeFrame" file="/Users/azumag/work/obs-stabilizer/tests/test_basic.cpp" line="175" status="run" result="completed" time="0." timestamp="2026-02-16T21:27:02.187" classname="BasicTest" />
    <testcase name="TestOverflowProtectionZeroDimension" file="/Users/azumag/work/obs-stabilizer/tests/test_basic.cpp" line="189" status="run" result="completed" time="0." timestamp="2026-02-16T21:27:02.187" classname="BasicTest" />
  </testsuite>
  <testsuite name="StabilizerCoreTest" tests="28" failures="0" disabled="0" skipped="0" errors="0" time="0.209" timestamp="2026-02-16T21:27:02.187">
    <testcase name="BasicFunctionality" file="/Users/azumag/work/obs-stabilizer/tests/test_stabilizer_core.cpp" line="32" status="run" result="completed" time="0." timestamp="2026-02-16T21:27:02.187" classname="StabilizerCoreTest" />
    <testcase name="InitializationWithDifferentResolutions" file="/Users/azumag/work/obs-stabilizer/tests/test_stabilizer_core.cpp" line="44" status="run" result="completed" time="0." timestamp="2026-02-16T21:27:02.187" classname="StabilizerCoreTest" />
    <testcase name="ProcessSingleFrame" file="/Users/azumag/work/obs-stabilizer/tests/test_stabilizer_core.cpp" line="59" status="run" result="completed" time="0.001" timestamp="2026-02-16T21:27:02.187" classname="StabilizerCoreTest" />
    <testcase name="ProcessMultipleFrames" file="/Users/azumag/work/obs-stabilizer/tests/test_stabilizer_core.cpp" line="75" status="run" result="completed" time="0.021" timestamp="2026-02-16T21:27:02.189" classname="StabilizerCoreTest" />
    <testcase name="ProcessHorizontalMotion" file="/Users/azumag/work/obs-stabilizer/tests/test_stabilizer_core.cpp" line="93" status="run" result="completed" time="0.036" timestamp="2026-02-16T21:27:02.211" classname="StabilizerCoreTest" />
    <testcase name="ProcessVerticalMotion" file="/Users/azumag/work/obs-stabilizer/tests/test_stabilizer_core.cpp" line="110" status="run" result="completed" time="0.035" timestamp="2026-02-16T21:27:02.247" classname="StabilizerCoreTest" />
    <testcase name="ProcessRotation" file="/Users/azumag/work/obs-stabilizer/tests/test_stabilizer_core.cpp" line="128" status="run" result="completed" time="0.036" timestamp="2026-02-16T21:27:02.283" classname="StabilizerCoreTest" />
    <testcase name="ProcessZoom" file="/Users/azumag/work/obs-stabilizer/tests/test_stabilizer_core.cpp" line="146" status="run" result="completed" time="0.035" timestamp="2026-02-16T21:27:02.319" classname="StabilizerCoreTest" />
    <testcase name="ParameterValidation" file="/Users/azumag/work/obs-stabilizer/tests/test_stabilizer_core.cpp" line="164" status="run" result="completed" time="0." timestamp="2026-02-16T21:27:02.354" classname="StabilizerCoreTest" />
    <testcase name="UpdateParameters" file="/Users/azumag/work/obs-stabilizer/tests/test_stabilizer_core.cpp" line="194" status="run" result="completed" time="0." timestamp="2026-02-16T21:27:02.354" classname="StabilizerCoreTest" />
    <testcase name="ResetState" file="/Users/azumag/work/obs-stabilizer/tests/test_stabilizer_core.cpp" line="209" status="run" result="completed" time="0.001" timestamp="2026-02-16T21:27:02.354" classname="StabilizerCoreTest" />
    <testcase name="PerformanceMetrics" file="/Users/azumag/work/obs-stabilizer/tests/test_stabilizer_core.cpp" line="224" status="run" result="completed" time="0.021" timestamp="2026-02-16T21:27:02.356" classname="StabilizerCoreTest" />
    <testcase name="PresetConfigurations" file="/Users/azumag/work/obs-stabilizer/tests/test_stabilizer_core.cpp" line="243" status="run" result="completed" time="0." timestamp="2026-02-16T21:27:02.377" classname="StabilizerCoreTest" />
    <testcase name="ErrorHandling" file="/Users/azumag/work/obs-stabilizer/tests/test_stabilizer_core.cpp" line="260" status="run" result="completed" time="0." timestamp="2026-02-16T21:27:02.377" classname="StabilizerCoreTest" />
    <testcase name="DifferentFeatureCounts" file="/Users/azumag/work/obs-stabilizer/tests/test_stabilizer_core.cpp" line="272" status="run" result="completed" time="0.003" timestamp="2026-02-16T21:27:02.377" classname="StabilizerCoreTest" />
    <testcase name="DifferentSmoothingWindows" file="/Users/azumag/work/obs-stabilizer/tests/test_stabilizer_core.cpp" line="288" status="run" result="completed" time="0.003" timestamp="2026-02-16T21:27:02.381" classname="StabilizerCoreTest" />
    <testcase name="EdgeModePadding" file="/Users/azumag/work/obs-stabilizer/tests/test_stabilizer_core.cpp" line="304" status="run" result="completed" time="0.001" timestamp="2026-02-16T21:27:02.384" classname="StabilizerCoreTest" />
    <testcase name="EdgeModeCrop" file="/Users/azumag/work/obs-stabilizer/tests/test_stabilizer_core.cpp" line="317" status="run" result="completed" time="0.001" timestamp="2026-02-16T21:27:02.386" classname="StabilizerCoreTest" />
    <testcase name="EdgeModeScale" file="/Users/azumag/work/obs-stabilizer/tests/test_stabilizer_core.cpp" line="331" status="run" result="completed" time="0.001" timestamp="2026-02-16T21:27:02.387" classname="StabilizerCoreTest" />
    <testcase name="DetectContentBounds" file="/Users/azumag/work/obs-stabilizer/tests/test_stabilizer_core.cpp" line="344" status="run" result="completed" time="0." timestamp="2026-02-16T21:27:02.389" classname="StabilizerCoreTest" />
    <testcase name="DetectContentBoundsFullFrame" file="/Users/azumag/work/obs-stabilizer/tests/test_stabilizer_core.cpp" line="360" status="run" result="completed" time="0.001" timestamp="2026-02-16T21:27:02.390" classname="StabilizerCoreTest" />
    <testcase name="DetectContentBoundsExtremeBorder" file="/Users/azumag/work/obs-stabilizer/tests/test_stabilizer_core.cpp" line="374" status="run" result="completed" time="0." timestamp="2026-02-16T21:27:02.391" classname="StabilizerCoreTest" />
    <testcase name="DetectContentBoundsMinFrameSize" file="/Users/azumag/work/obs-stabilizer/tests/test_stabilizer_core.cpp" line="390" status="run" result="completed" time="0." timestamp="2026-02-16T21:27:02.392" classname="StabilizerCoreTest" />
    <testcase name="DetectContentBoundsUltraWideAspect" file="/Users/azumag/work/obs-stabilizer/tests/test_stabilizer_core.cpp" line="404" status="run" result="completed" time="0.001" timestamp="2026-02-16T21:27:02.392" classname="StabilizerCoreTest" />
    <testcase name="DetectContentBoundsSquareAspect" file="/Users/azumag/work/obs-stabilizer/tests/test_stabilizer_core.cpp" line="419" status="run" result="completed" time="0." timestamp="2026-02-16T21:27:02.393" classname="StabilizerCoreTest" />
    <testcase name="DetectContentBoundsAllBlack" file="/Users/azumag/work/obs-stabilizer/tests/test_stabilizer_core.cpp" line="434" status="run" result="completed" time="0." timestamp="2026-02-16T21:27:02.394" classname="StabilizerCoreTest" />
    <testcase name="EdgeModeWithMinimalBorders" file="/Users/azumag/work/obs-stabilizer/tests/test_stabilizer_core.cpp" line="448" status="run" result="completed" time="0.001" timestamp="2026-02-16T21:27:02.394" classname="StabilizerCoreTest" />
    <testcase name="EdgeModeWithLargeBorders" file="/Users/azumag/work/obs-stabilizer/tests/test_stabilizer_core.cpp" line="463" status="run" result="completed" time="0.001" timestamp="2026-02-16T21:27:02.396" classname="StabilizerCoreTest" />
  </testsuite>
  <testsuite name="EdgeCaseTest" tests="56" failures="0" disabled="0" skipped="0" errors="0" time="0.265" timestamp="2026-02-16T21:27:02.397">
    <testcase name="EmptyFrameHandling" file="/Users/azumag/work/obs-stabilizer/tests/test_edge_cases.cpp" line="37" status="run" result="completed" time="0." timestamp="2026-02-16T21:27:02.397" classname="EdgeCaseTest" />
    <testcase name="NullFramePointerHandling" file="/Users/azumag/work/obs-stabilizer/tests/test_edge_cases.cpp" line="48" status="run" result="completed" time="0." timestamp="2026-02-16T21:27:02.397" classname="EdgeCaseTest" />
    <testcase name="ZeroWidthFrame" file="/Users/azumag/work/obs-stabilizer/tests/test_edge_cases.cpp" line="60" status="run" result="completed" time="0." timestamp="2026-02-16T21:27:02.397" classname="EdgeCaseTest" />
    <testcase name="ZeroHeightFrame" file="/Users/azumag/work/obs-stabilizer/tests/test_edge_cases.cpp" line="67" status="run" result="completed" time="0." timestamp="2026-02-16T21:27:02.397" classname="EdgeCaseTest" />
    <testcase name="VerySmallFrame" file="/Users/azumag/work/obs-stabilizer/tests/test_edge_cases.cpp" line="74" status="run" result="completed" time="0." timestamp="2026-02-16T21:27:02.397" classname="EdgeCaseTest" />
    <testcase name="VeryLargeFrame" file="/Users/azumag/work/obs-stabilizer/tests/test_edge_cases.cpp" line="81" status="run" result="completed" time="0." timestamp="2026-02-16T21:27:02.397" classname="EdgeCaseTest" />
    <testcase name="SingleChannelFrame" file="/Users/azumag/work/obs-stabilizer/tests/test_edge_cases.cpp" line="92" status="run" result="completed" time="0.001" timestamp="2026-02-16T21:27:02.397" classname="EdgeCaseTest" />
    <testcase name="TwoChannelFrame" file="/Users/azumag/work/obs-stabilizer/tests/test_edge_cases.cpp" line="103" status="run" result="completed" time="0." timestamp="2026-02-16T21:27:02.399" classname="EdgeCaseTest" />
    <testcase name="SixteenBitDepthFrame" file="/Users/azumag/work/obs-stabilizer/tests/test_edge_cases.cpp" line="114" status="run" result="completed" time="0." timestamp="2026-02-16T21:27:02.399" classname="EdgeCaseTest" />
    <testcase name="MinimumValidFrameSize" file="/Users/azumag/work/obs-stabilizer/tests/test_edge_cases.cpp" line="129" status="run" result="completed" time="0." timestamp="2026-02-16T21:27:02.399" classname="EdgeCaseTest" />
    <testcase name="SmoothingRadiusBoundary" file="/Users/azumag/work/obs-stabilizer/tests/test_edge_cases.cpp" line="141" status="run" result="completed" time="0." timestamp="2026-02-16T21:27:02.399" classname="EdgeCaseTest" />
    <testcase name="FeatureCountBoundary" file="/Users/azumag/work/obs-stabilizer/tests/test_edge_cases.cpp" line="163" status="run" result="completed" time="0." timestamp="2026-02-16T21:27:02.399" classname="EdgeCaseTest" />
    <testcase name="QualityLevelBoundary" file="/Users/azumag/work/obs-stabilizer/tests/test_edge_cases.cpp" line="180" status="run" result="completed" time="0." timestamp="2026-02-16T21:27:02.399" classname="EdgeCaseTest" />
    <testcase name="ResetDuringProcessing" file="/Users/azumag/work/obs-stabilizer/tests/test_edge_cases.cpp" line="206" status="run" result="completed" time="0.013" timestamp="2026-02-16T21:27:02.399" classname="EdgeCaseTest" />
    <testcase name="ReinitializeWithDifferentParams" file="/Users/azumag/work/obs-stabilizer/tests/test_edge_cases.cpp" line="230" status="run" result="completed" time="0.007" timestamp="2026-02-16T21:27:02.412" classname="EdgeCaseTest" />
    <testcase name="AllBlackFrame" file="/Users/azumag/work/obs-stabilizer/tests/test_edge_cases.cpp" line="256" status="run" result="completed" time="0.001" timestamp="2026-02-16T21:27:02.419" classname="EdgeCaseTest" />
    <testcase name="AllWhiteFrame" file="/Users/azumag/work/obs-stabilizer/tests/test_edge_cases.cpp" line="268" status="run" result="completed" time="0.001" timestamp="2026-02-16T21:27:02.420" classname="EdgeCaseTest" />
    <testcase name="FrameUtilsEmptyMatValidation" file="/Users/azumag/work/obs-stabilizer/tests/test_edge_cases.cpp" line="284" status="run" result="completed" time="0." timestamp="2026-02-16T21:27:02.422" classname="EdgeCaseTest" />
    <testcase name="FrameUtilsInvalidDimensions" file="/Users/azumag/work/obs-stabilizer/tests/test_edge_cases.cpp" line="289" status="run" result="completed" time="0." timestamp="2026-02-16T21:27:02.422" classname="EdgeCaseTest" />
    <testcase name="FrameUtilsInvalidChannels" file="/Users/azumag/work/obs-stabilizer/tests/test_edge_cases.cpp" line="308" status="run" result="completed" time="0." timestamp="2026-02-16T21:27:02.422" classname="EdgeCaseTest" />
    <testcase name="ColorConversionGrayscale" file="/Users/azumag/work/obs-stabilizer/tests/test_edge_cases.cpp" line="313" status="run" result="completed" time="0." timestamp="2026-02-16T21:27:02.422" classname="EdgeCaseTest" />
    <testcase name="ColorConversionEmptyFrame" file="/Users/azumag/work/obs-stabilizer/tests/test_edge_cases.cpp" line="320" status="run" result="completed" time="0." timestamp="2026-02-16T21:27:02.422" classname="EdgeCaseTest" />
    <testcase name="InitializeWithZeroWidth" file="/Users/azumag/work/obs-stabilizer/tests/test_edge_cases.cpp" line="330" status="run" result="completed" time="0." timestamp="2026-02-16T21:27:02.422" classname="EdgeCaseTest" />
    <testcase name="InitializeWithZeroHeight" file="/Users/azumag/work/obs-stabilizer/tests/test_edge_cases.cpp" line="336" status="run" result="completed" time="0." timestamp="2026-02-16T21:27:02.422" classname="EdgeCaseTest" />
    <testcase name="InitializeWithTooSmallDimensions" file="/Users/azumag/work/obs-stabilizer/tests/test_edge_cases.cpp" line="342" status="run" result="completed" time="0." timestamp="2026-02-16T21:27:02.422" classname="EdgeCaseTest" />
    <testcase name="InitializeWithMinimumValidDimensions" file="/Users/azumag/work/obs-stabilizer/tests/test_edge_cases.cpp" line="349" status="run" result="completed" time="0." timestamp="2026-02-16T21:27:02.422" classname="EdgeCaseTest" />
    <testcase name="ProcessFrame32BitFloatDepth" file="/Users/azumag/work/obs-stabilizer/tests/test_edge_cases.cpp" line="355" status="run" result="completed" time="0." timestamp="2026-02-16T21:27:02.422" classname="EdgeCaseTest" />
    <testcase name="ProcessFrame64BitFloatDepth" file="/Users/azumag/work/obs-stabilizer/tests/test_edge_cases.cpp" line="366" status="run" result="completed" time="0." timestamp="2026-02-16T21:27:02.423" classname="EdgeCaseTest" />
    <testcase name="ProcessFrame3Channels" file="/Users/azumag/work/obs-stabilizer/tests/test_edge_cases.cpp" line="377" status="run" result="completed" time="0.001" timestamp="2026-02-16T21:27:02.423" classname="EdgeCaseTest" />
    <testcase name="ProcessFrame5Channels" file="/Users/azumag/work/obs-stabilizer/tests/test_edge_cases.cpp" line="389" status="run" result="completed" time="0.001" timestamp="2026-02-16T21:27:02.424" classname="EdgeCaseTest" />
    <testcase name="ProcessFrameWithExtremeMaxCorrection" file="/Users/azumag/work/obs-stabilizer/tests/test_edge_cases.cpp" line="402" status="run" result="completed" time="0.011" timestamp="2026-02-16T21:27:02.425" classname="EdgeCaseTest" />
    <testcase name="ProcessFrameWithZeroFeatureCount" file="/Users/azumag/work/obs-stabilizer/tests/test_edge_cases.cpp" line="416" status="run" result="completed" time="0.001" timestamp="2026-02-16T21:27:02.437" classname="EdgeCaseTest" />
    <testcase name="ProcessFrameWithNegativeSmoothingRadius" file="/Users/azumag/work/obs-stabilizer/tests/test_edge_cases.cpp" line="428" status="run" result="completed" time="0.011" timestamp="2026-02-16T21:27:02.439" classname="EdgeCaseTest" />
    <testcase name="ProcessFrameWithVeryLargeSmoothingRadius" file="/Users/azumag/work/obs-stabilizer/tests/test_edge_cases.cpp" line="441" status="run" result="completed" time="0.016" timestamp="2026-02-16T21:27:02.450" classname="EdgeCaseTest" />
    <testcase name="ProcessFrameSequenceWithTrackingFailures" file="/Users/azumag/work/obs-stabilizer/tests/test_edge_cases.cpp" line="458" status="run" result="completed" time="0.011" timestamp="2026-02-16T21:27:02.467" classname="EdgeCaseTest" />
    <testcase name="ProcessAllBlackFrameSequence" file="/Users/azumag/work/obs-stabilizer/tests/test_edge_cases.cpp" line="476" status="run" result="completed" time="0.015" timestamp="2026-02-16T21:27:02.478" classname="EdgeCaseTest" />
    <testcase name="ProcessAllWhiteFrameSequence" file="/Users/azumag/work/obs-stabilizer/tests/test_edge_cases.cpp" line="487" status="run" result="completed" time="0.015" timestamp="2026-02-16T21:27:02.494" classname="EdgeCaseTest" />
    <testcase name="ProcessAlternatingBlackWhiteFrames" file="/Users/azumag/work/obs-stabilizer/tests/test_edge_cases.cpp" line="498" status="run" result="completed" time="0.015" timestamp="2026-02-16T21:27:02.509" classname="EdgeCaseTest" />
    <testcase name="ResetAfterTrackingFailures" file="/Users/azumag/work/obs-stabilizer/tests/test_edge_cases.cpp" line="515" status="run" result="completed" time="0.009" timestamp="2026-02-16T21:27:02.524" classname="EdgeCaseTest" />
    <testcase name="EdgeModePadding" file="/Users/azumag/work/obs-stabilizer/tests/test_edge_cases.cpp" line="536" status="run" result="completed" time="0.011" timestamp="2026-02-16T21:27:02.534" classname="EdgeCaseTest" />
    <testcase name="EdgeModeCrop" file="/Users/azumag/work/obs-stabilizer/tests/test_edge_cases.cpp" line="549" status="run" result="completed" time="0.015" timestamp="2026-02-16T21:27:02.545" classname="EdgeCaseTest" />
    <testcase name="EdgeModeScale" file="/Users/azumag/work/obs-stabilizer/tests/test_edge_cases.cpp" line="561" status="run" result="completed" time="0.028" timestamp="2026-02-16T21:27:02.560" classname="EdgeCaseTest" />
    <testcase name="EdgeModeCropWithBlackBorders" file="/Users/azumag/work/obs-stabilizer/tests/test_edge_cases.cpp" line="574" status="run" result="completed" time="0.001" timestamp="2026-02-16T21:27:02.589" classname="EdgeCaseTest" />
    <testcase name="EdgeModeScaleWithBlackBorders" file="/Users/azumag/work/obs-stabilizer/tests/test_edge_cases.cpp" line="587" status="run" result="completed" time="0.001" timestamp="2026-02-16T21:27:02.591" classname="EdgeCaseTest" />
    <testcase name="DetectContentBoundsSquareFrame" file="/Users/azumag/work/obs-stabilizer/tests/test_edge_cases.cpp" line="600" status="run" result="completed" time="0." timestamp="2026-02-16T21:27:02.592" classname="EdgeCaseTest" />
    <testcase name="DetectContentBoundsUltrawideFrame" file="/Users/azumag/work/obs-stabilizer/tests/test_edge_cases.cpp" line="612" status="run" result="completed" time="0.003" timestamp="2026-02-16T21:27:02.593" classname="EdgeCaseTest" />
    <testcase name="DetectContentBoundsMinimumFrame" file="/Users/azumag/work/obs-stabilizer/tests/test_edge_cases.cpp" line="624" status="run" result="completed" time="0." timestamp="2026-02-16T21:27:02.597" classname="EdgeCaseTest" />
    <testcase name="DetectContentBoundsAllBlack" file="/Users/azumag/work/obs-stabilizer/tests/test_edge_cases.cpp" line="636" status="run" result="completed" time="0." timestamp="2026-02-16T21:27:02.597" classname="EdgeCaseTest" />
    <testcase name="DetectContentBoundsAllWhite" file="/Users/azumag/work/obs-stabilizer/tests/test_edge_cases.cpp" line="648" status="run" result="completed" time="0.001" timestamp="2026-02-16T21:27:02.597" classname="EdgeCaseTest" />
    <testcase name="PresetGaming" file="/Users/azumag/work/obs-stabilizer/tests/test_edge_cases.cpp" line="664" status="run" result="completed" time="0.011" timestamp="2026-02-16T21:27:02.598" classname="EdgeCaseTest" />
    <testcase name="PresetStreaming" file="/Users/azumag/work/obs-stabilizer/tests/test_edge_cases.cpp" line="675" status="run" result="completed" time="0.015" timestamp="2026-02-16T21:27:02.609" classname="EdgeCaseTest" />
    <testcase name="PresetRecording" file="/Users/azumag/work/obs-stabilizer/tests/test_edge_cases.cpp" line="686" status="run" result="completed" time="0.027" timestamp="2026-02-16T21:27:02.625" classname="EdgeCaseTest" />
    <testcase name="PerformanceMetricsAfterProcessing" file="/Users/azumag/work/obs-stabilizer/tests/test_edge_cases.cpp" line="701" status="run" result="completed" time="0.01" timestamp="2026-02-16T21:27:02.652" classname="EdgeCaseTest" />
    <testcase name="IsReadyAfterInitialization" file="/Users/azumag/work/obs-stabilizer/tests/test_edge_cases.cpp" line="715" status="run" result="completed" time="0." timestamp="2026-02-16T21:27:02.663" classname="EdgeCaseTest" />
    <testcase name="IsReadyBeforeInitialization" file="/Users/azumag/work/obs-stabilizer/tests/test_edge_cases.cpp" line="722" status="run" result="completed" time="0." timestamp="2026-02-16T21:27:02.663" classname="EdgeCaseTest" />
    <testcase name="GetLastErrorAfterError" file="/Users/azumag/work/obs-stabilizer/tests/test_edge_cases.cpp" line="726" status="run" result="completed" time="0." timestamp="2026-02-16T21:27:02.663" classname="EdgeCaseTest" />
  </testsuite>
  <testsuite name="IntegrationTest" tests="14" failures="0" disabled="0" skipped="0" errors="0" time="1.23" timestamp="2026-02-16T21:27:02.663">
    <testcase name="ProcessLongSequence" file="/Users/azumag/work/obs-stabilizer/tests/test_integration.cpp" line="36" status="run" result="completed" time="0.449" timestamp="2026-02-16T21:27:02.663" classname="IntegrationTest" />
    <testcase name="ContinuousMotionSequence" file="/Users/azumag/work/obs-stabilizer/tests/test_integration.cpp" line="56" status="run" result="completed" time="0.035" timestamp="2026-02-16T21:27:03.112" classname="IntegrationTest" />
    <testcase name="ResolutionChangeDuringStream" file="/Users/azumag/work/obs-stabilizer/tests/test_integration.cpp" line="80" status="run" result="completed" time="0.057" timestamp="2026-02-16T21:27:03.148" classname="IntegrationTest" />
    <testcase name="MultipleReinitializations" file="/Users/azumag/work/obs-stabilizer/tests/test_integration.cpp" line="112" status="run" result="completed" time="0.055" timestamp="2026-02-16T21:27:03.205" classname="IntegrationTest" />
    <testcase name="UpdateParametersDuringStream" file="/Users/azumag/work/obs-stabilizer/tests/test_integration.cpp" line="137" status="run" result="completed" time="0.032" timestamp="2026-02-16T21:27:03.260" classname="IntegrationTest" />
    <testcase name="MixedMotionSequence" file="/Users/azumag/work/obs-stabilizer/tests/test_integration.cpp" line="180" status="run" result="completed" time="0.061" timestamp="2026-02-16T21:27:03.293" classname="IntegrationTest" />
    <testcase name="PerformanceMetricsTracking" file="/Users/azumag/work/obs-stabilizer/tests/test_integration.cpp" line="216" status="run" result="completed" time="0.052" timestamp="2026-02-16T21:27:03.355" classname="IntegrationTest" />
    <testcase name="DisabledStabilizerPerformance" file="/Users/azumag/work/obs-stabilizer/tests/test_integration.cpp" line="234" status="run" result="completed" time="0.052" timestamp="2026-02-16T21:27:03.408" classname="IntegrationTest" />
    <testcase name="TransformHistoryManagement" file="/Users/azumag/work/obs-stabilizer/tests/test_integration.cpp" line="272" status="run" result="completed" time="0.036" timestamp="2026-02-16T21:27:03.460" classname="IntegrationTest" />
    <testcase name="GamingPresetIntegration" file="/Users/azumag/work/obs-stabilizer/tests/test_integration.cpp" line="293" status="run" result="completed" time="0.057" timestamp="2026-02-16T21:27:03.496" classname="IntegrationTest" />
    <testcase name="StreamingPresetIntegration" file="/Users/azumag/work/obs-stabilizer/tests/test_integration.cpp" line="307" status="run" result="completed" time="0.123" timestamp="2026-02-16T21:27:03.553" classname="IntegrationTest" />
    <testcase name="RecordingPresetIntegration" file="/Users/azumag/work/obs-stabilizer/tests/test_integration.cpp" line="321" status="run" result="completed" time="0.194" timestamp="2026-02-16T21:27:03.677" classname="IntegrationTest" />
    <testcase name="RecoverFromInvalidFrame" file="/Users/azumag/work/obs-stabilizer/tests/test_integration.cpp" line="339" status="run" result="completed" time="0.01" timestamp="2026-02-16T21:27:03.872" classname="IntegrationTest" />
    <testcase name="RecoverFromBadInitialization" file="/Users/azumag/work/obs-stabilizer/tests/test_integration.cpp" line="368" status="run" result="completed" time="0.011" timestamp="2026-02-16T21:27:03.883" classname="IntegrationTest" />
  </testsuite>
  <testsuite name="MemoryLeakTest" tests="13" failures="0" disabled="0" skipped="0" errors="0" time="16.899" timestamp="2026-02-16T21:27:03.894">
    <testcase name="LongDurationProcessing" file="/Users/azumag/work/obs-stabilizer/tests/test_memory_leaks.cpp" line="80" status="run" result="completed" time="1.137" timestamp="2026-02-16T21:27:03.894" classname="MemoryLeakTest" />
    <testcase name="ContinuousReinitialization" file="/Users/azumag/work/obs-stabilizer/tests/test_memory_leaks.cpp" line="114" status="run" result="completed" time="1.08" timestamp="2026-02-16T21:27:05.031" classname="MemoryLeakTest" />
    <testcase name="MultipleInstancesSimultaneously" file="/Users/azumag/work/obs-stabilizer/tests/test_memory_leaks.cpp" line="142" status="run" result="completed" time="1.086" timestamp="2026-02-16T21:27:06.112" classname="MemoryLeakTest" />
    <testcase name="ParameterUpdateMemory" file="/Users/azumag/work/obs-stabilizer/tests/test_memory_leaks.cpp" line="180" status="run" result="completed" time="0.104" timestamp="2026-02-16T21:27:07.199" classname="MemoryLeakTest" />
    <testcase name="ResetDuringProcessing" file="/Users/azumag/work/obs-stabilizer/tests/test_memory_leaks.cpp" line="210" status="run" result="completed" time="0.503" timestamp="2026-02-16T21:27:07.303" classname="MemoryLeakTest" />
    <testcase name="LargeFrameProcessing" file="/Users/azumag/work/obs-stabilizer/tests/test_memory_leaks.cpp" line="241" status="run" result="completed" time="0.426" timestamp="2026-02-16T21:27:07.807" classname="MemoryLeakTest" />
    <testcase name="TransformBufferManagement" file="/Users/azumag/work/obs-stabilizer/tests/test_memory_leaks.cpp" line="266" status="run" result="completed" time="0.864" timestamp="2026-02-16T21:27:08.233" classname="MemoryLeakTest" />
    <testcase name="FeatureTrackingMemory" file="/Users/azumag/work/obs-stabilizer/tests/test_memory_leaks.cpp" line="295" status="run" result="completed" time="5.337" timestamp="2026-02-16T21:27:09.098" classname="MemoryLeakTest" />
    <testcase name="EmptyFrameHandlingMemory" file="/Users/azumag/work/obs-stabilizer/tests/test_memory_leaks.cpp" line="320" status="run" result="completed" time="0." timestamp="2026-02-16T21:27:14.435" classname="MemoryLeakTest" />
    <testcase name="InvalidFrameHandlingMemory" file="/Users/azumag/work/obs-stabilizer/tests/test_memory_leaks.cpp" line="338" status="run" result="completed" time="0." timestamp="2026-02-16T21:27:14.435" classname="MemoryLeakTest" />
    <testcase name="StressTestMemory" file="/Users/azumag/work/obs-stabilizer/tests/test_memory_leaks.cpp" line="360" status="run" result="completed" time="6.206" timestamp="2026-02-16T21:27:14.435" classname="MemoryLeakTest" />
    <testcase name="FrameUtilsColorConversionMemory" file="/Users/azumag/work/obs-stabilizer/tests/test_memory_leaks.cpp" line="390" status="run" result="completed" time="0.131" timestamp="2026-02-16T21:27:20.642" classname="MemoryLeakTest" />
    <testcase name="FrameUtilsValidationMemory" file="/Users/azumag/work/obs-stabilizer/tests/test_memory_leaks.cpp" line="409" status="run" result="completed" time="0.019" timestamp="2026-02-16T21:27:20.774" classname="MemoryLeakTest" />
  </testsuite>
  <testsuite name="VisualStabilizationTest" tests="12" failures="0" disabled="0" skipped="0" errors="0" time="5.277" timestamp="2026-02-16T21:27:20.793">
    <testcase name="ShakeReductionForCameraShake" file="/Users/azumag/work/obs-stabilizer/tests/test_visual_quality.cpp" line="246" status="run" result="completed" time="0.298" timestamp="2026-02-16T21:27:20.793" classname="VisualStabilizationTest" />
    <testcase name="ShakeReductionForHandTremor" file="/Users/azumag/work/obs-stabilizer/tests/test_visual_quality.cpp" line="275" status="run" result="completed" time="0.304" timestamp="2026-02-16T21:27:21.092" classname="VisualStabilizationTest" />
    <testcase name="StrongSmoothingReducesMoreShake" file="/Users/azumag/work/obs-stabilizer/tests/test_visual_quality.cpp" line="311" status="run" result="completed" time="0.555" timestamp="2026-02-16T21:27:21.396" classname="VisualStabilizationTest" />
    <testcase name="ShakeVarianceReduction" file="/Users/azumag/work/obs-stabilizer/tests/test_visual_quality.cpp" line="342" status="run" result="completed" time="0.296" timestamp="2026-02-16T21:27:21.951" classname="VisualStabilizationTest" />
    <testcase name="EdgeMovementReduction" file="/Users/azumag/work/obs-stabilizer/tests/test_visual_quality.cpp" line="399" status="run" result="completed" time="0.152" timestamp="2026-02-16T21:27:22.247" classname="VisualStabilizationTest" />
    <testcase name="PanMotionPreserved" file="/Users/azumag/work/obs-stabilizer/tests/test_visual_quality.cpp" line="456" status="run" result="completed" time="0.299" timestamp="2026-02-16T21:27:22.400" classname="VisualStabilizationTest" />
    <testcase name="StaticSceneRemainsStable" file="/Users/azumag/work/obs-stabilizer/tests/test_visual_quality.cpp" line="480" status="run" result="completed" time="0.246" timestamp="2026-02-16T21:27:22.699" classname="VisualStabilizationTest" />
    <testcase name="ZoomMotionHandling" file="/Users/azumag/work/obs-stabilizer/tests/test_visual_quality.cpp" line="509" status="run" result="completed" time="0.299" timestamp="2026-02-16T21:27:22.946" classname="VisualStabilizationTest" />
    <testcase name="MoreFeaturesImprovesQuality" file="/Users/azumag/work/obs-stabilizer/tests/test_visual_quality.cpp" line="539" status="run" result="completed" time="0.553" timestamp="2026-02-16T21:27:23.246" classname="VisualStabilizationTest" />
    <testcase name="MixedMotionQuality" file="/Users/azumag/work/obs-stabilizer/tests/test_visual_quality.cpp" line="575" status="run" result="completed" time="0.226" timestamp="2026-02-16T21:27:23.799" classname="VisualStabilizationTest" />
    <testcase name="GamingScenarioShakeReduction" file="/Users/azumag/work/obs-stabilizer/tests/test_visual_quality.cpp" line="618" status="run" result="completed" time="0.302" timestamp="2026-02-16T21:27:24.026" classname="VisualStabilizationTest" />
    <testcase name="StreamingScenarioShakeReduction" file="/Users/azumag/work/obs-stabilizer/tests/test_visual_quality.cpp" line="641" status="run" result="completed" time="1.741" timestamp="2026-02-16T21:27:24.328" classname="VisualStabilizationTest" />
  </testsuite>
  <testsuite name="PerformanceThresholdTest" tests="13" failures="2" disabled="0" skipped="0" errors="0" time="10.789" timestamp="2026-02-16T21:27:26.070">
    <testcase name="CPUUsageWithinThreshold" file="/Users/azumag/work/obs-stabilizer/tests/test_performance_thresholds.cpp" line="305" status="run" result="completed" time="0.194" timestamp="2026-02-16T21:27:26.070" classname="PerformanceThresholdTest" />
    <testcase name="CPUUsageScalesWithResolution" file="/Users/azumag/work/obs-stabilizer/tests/test_performance_thresholds.cpp" line="361" status="run" result="completed" time="0.529" timestamp="2026-02-16T21:27:26.265" classname="PerformanceThresholdTest" />
    <testcase name="CPUUsageWithMultipleSources" file="/Users/azumag/work/obs-stabilizer/tests/test_performance_thresholds.cpp" line="415" status="run" result="completed" time="0.24" timestamp="2026-02-16T21:27:26.795" classname="PerformanceThresholdTest">
      <failure message="/Users/azumag/work/obs-stabilizer/tests/test_performance_thresholds.cpp:451&#x0A;Expected: (cpu_3_sources) &gt; (cpu_1_source), actual: 0 vs 0&#x0A;3 sources should use more CPU than 1 source&#x0A;" type=""><![CDATA[/Users/azumag/work/obs-stabilizer/tests/test_performance_thresholds.cpp:451
Expected: (cpu_3_sources) > (cpu_1_source), actual: 0 vs 0
3 sources should use more CPU than 1 source
]]></failure>
    </testcase>
    <testcase name="ProcessingDelayWithinThreshold_HD_30fps" file="/Users/azumag/work/obs-stabilizer/tests/test_performance_thresholds.cpp" line="468" status="run" result="completed" time="0.902" timestamp="2026-02-16T21:27:27.035" classname="PerformanceThresholdTest" />
    <testcase name="ProcessingDelayWithinThreshold_VGA_30fps" file="/Users/azumag/work/obs-stabilizer/tests/test_performance_thresholds.cpp" line="505" status="run" result="completed" time="0.171" timestamp="2026-02-16T21:27:27.938" classname="PerformanceThresholdTest" />
    <testcase name="ProcessingDelayWithinThreshold_HD_720p_60fps" file="/Users/azumag/work/obs-stabilizer/tests/test_performance_thresholds.cpp" line="531" status="run" result="completed" time="0.454" timestamp="2026-02-16T21:27:28.109" classname="PerformanceThresholdTest" />
    <testcase name="ProcessingDelayWithDifferentMotionTypes" file="/Users/azumag/work/obs-stabilizer/tests/test_performance_thresholds.cpp" line="566" status="run" result="completed" time="2.009" timestamp="2026-02-16T21:27:28.564" classname="PerformanceThresholdTest" />
    <testcase name="ProcessingDelayWithDifferentSmoothing" file="/Users/azumag/work/obs-stabilizer/tests/test_performance_thresholds.cpp" line="599" status="run" result="completed" time="1.284" timestamp="2026-02-16T21:27:30.573" classname="PerformanceThresholdTest" />
    <testcase name="ProcessingDelayWithDifferentFeatureCounts" file="/Users/azumag/work/obs-stabilizer/tests/test_performance_thresholds.cpp" line="640" status="run" result="completed" time="1.282" timestamp="2026-02-16T21:27:31.858" classname="PerformanceThresholdTest" />
    <testcase name="ProcessingDelayConsistency" file="/Users/azumag/work/obs-stabilizer/tests/test_performance_thresholds.cpp" line="676" status="run" result="completed" time="1.935" timestamp="2026-02-16T21:27:33.141" classname="PerformanceThresholdTest">
      <failure message="/Users/azumag/work/obs-stabilizer/tests/test_performance_thresholds.cpp:703&#x0A;Expected: (cv) &lt; (0.5), actual: 1.1479060202931346 vs 0.5&#x0A;Processing time should be consistent, CV: 1.1479060202931346&#x0A;" type=""><![CDATA[/Users/azumag/work/obs-stabilizer/tests/test_performance_thresholds.cpp:703
Expected: (cv) < (0.5), actual: 1.1479060202931346 vs 0.5
Processing time should be consistent, CV: 1.1479060202931346
]]></failure>
    </testcase>
    <testcase name="GamingPresetPerformance" file="/Users/azumag/work/obs-stabilizer/tests/test_performance_thresholds.cpp" line="715" status="run" result="completed" time="0.172" timestamp="2026-02-16T21:27:35.077" classname="PerformanceThresholdTest" />
    <testcase name="StreamingPresetPerformance" file="/Users/azumag/work/obs-stabilizer/tests/test_performance_thresholds.cpp" line="737" status="run" result="completed" time="0.963" timestamp="2026-02-16T21:27:35.249" classname="PerformanceThresholdTest" />
    <testcase name="RecordingPresetPerformance" file="/Users/azumag/work/obs-stabilizer/tests/test_performance_thresholds.cpp" line="759" status="run" result="completed" time="0.646" timestamp="2026-02-16T21:27:36.213" classname="PerformanceThresholdTest" />
  </testsuite>
  <testsuite name="MultiSourceTest" tests="10" failures="0" disabled="1" skipped="0" errors="0" time="4.188" timestamp="2026-02-16T21:27:36.860">
    <testcase name="TwoSources" file="/Users/azumag/work/obs-stabilizer/tests/test_multi_source.cpp" line="145" status="run" result="completed" time="0.172" timestamp="2026-02-16T21:27:36.860" classname="MultiSourceTest" />
    <testcase name="FiveSources" file="/Users/azumag/work/obs-stabilizer/tests/test_multi_source.cpp" line="182" status="run" result="completed" time="0.431" timestamp="2026-02-16T21:27:37.033" classname="MultiSourceTest" />
    <testcase name="TenSources" file="/Users/azumag/work/obs-stabilizer/tests/test_multi_source.cpp" line="222" status="run" result="completed" time="0.435" timestamp="2026-02-16T21:27:37.465" classname="MultiSourceTest" />
    <testcase name="MixedResolutionSources" file="/Users/azumag/work/obs-stabilizer/tests/test_multi_source.cpp" line="267" status="run" result="completed" time="0.504" timestamp="2026-02-16T21:27:37.900" classname="MultiSourceTest" />
    <testcase name="DifferentParametersPerSource" file="/Users/azumag/work/obs-stabilizer/tests/test_multi_source.cpp" line="316" status="run" result="completed" time="0.263" timestamp="2026-02-16T21:27:38.405" classname="MultiSourceTest" />
    <testcase name="DynamicAddRemoveSources" file="/Users/azumag/work/obs-stabilizer/tests/test_multi_source.cpp" line="358" status="run" result="completed" time="0.25" timestamp="2026-02-16T21:27:38.668" classname="MultiSourceTest" />
    <testcase name="MemoryUsageWithMultipleSources" file="/Users/azumag/work/obs-stabilizer/tests/test_multi_source.cpp" line="428" status="run" result="completed" time="0.955" timestamp="2026-02-16T21:27:38.919" classname="MultiSourceTest" />
    <testcase name="DISABLED_RapidStartStopMultipleSources" file="/Users/azumag/work/obs-stabilizer/tests/test_multi_source.cpp" line="481" status="notrun" result="suppressed" time="0." timestamp="1970-01-01T09:00:00.000" classname="MultiSourceTest" />
    <testcase name="LongRunningMultipleSources" file="/Users/azumag/work/obs-stabilizer/tests/test_multi_source.cpp" line="520" status="run" result="completed" time="1.039" timestamp="2026-02-16T21:27:39.875" classname="MultiSourceTest" />
    <testcase name="IsolatedSourceFailure" file="/Users/azumag/work/obs-stabilizer/tests/test_multi_source.cpp" line="563" status="run" result="completed" time="0.134" timestamp="2026-02-16T21:27:40.914" classname="MultiSourceTest" />
  </testsuite>
  <testsuite name="PresetManagerTest" tests="13" failures="0" disabled="0" skipped="0" errors="0" time="0.004" timestamp="2026-02-16T21:27:41.049">
    <testcase name="SaveBasicPreset" file="/Users/azumag/work/obs-stabilizer/tests/test_preset_manager.cpp" line="88" status="run" result="completed" time="0." timestamp="2026-02-16T21:27:41.049" classname="PresetManagerTest" />
    <testcase name="SavePresetWithEmptyName" file="/Users/azumag/work/obs-stabilizer/tests/test_preset_manager.cpp" line="101" status="run" result="completed" time="0." timestamp="2026-02-16T21:27:41.050" classname="PresetManagerTest" />
    <testcase name="SavePresetWithSpecialCharacters" file="/Users/azumag/work/obs-stabilizer/tests/test_preset_manager.cpp" line="112" status="run" result="completed" time="0." timestamp="2026-02-16T21:27:41.050" classname="PresetManagerTest" />
    <testcase name="LoadSavedPreset" file="/Users/azumag/work/obs-stabilizer/tests/test_preset_manager.cpp" line="131" status="run" result="completed" time="0." timestamp="2026-02-16T21:27:41.050" classname="PresetManagerTest" />
    <testcase name="LoadNonExistentPreset" file="/Users/azumag/work/obs-stabilizer/tests/test_preset_manager.cpp" line="155" status="run" result="completed" time="0." timestamp="2026-02-16T21:27:41.051" classname="PresetManagerTest" />
    <testcase name="DeleteExistingPreset" file="/Users/azumag/work/obs-stabilizer/tests/test_preset_manager.cpp" line="170" status="run" result="completed" time="0." timestamp="2026-02-16T21:27:41.051" classname="PresetManagerTest" />
    <testcase name="DeleteNonExistentPreset" file="/Users/azumag/work/obs-stabilizer/tests/test_preset_manager.cpp" line="186" status="run" result="completed" time="0." timestamp="2026-02-16T21:27:41.051" classname="PresetManagerTest" />
    <testcase name="ListPresetsWhenEmpty" file="/Users/azumag/work/obs-stabilizer/tests/test_preset_manager.cpp" line="200" status="run" result="completed" time="0." timestamp="2026-02-16T21:27:41.051" classname="PresetManagerTest" />
    <testcase name="ListMultiplePresets" file="/Users/azumag/work/obs-stabilizer/tests/test_preset_manager.cpp" line="213" status="run" result="completed" time="0." timestamp="2026-02-16T21:27:41.051" classname="PresetManagerTest" />
    <testcase name="PresetExistsForExistingPreset" file="/Users/azumag/work/obs-stabilizer/tests/test_preset_manager.cpp" line="245" status="run" result="completed" time="0." timestamp="2026-02-16T21:27:41.052" classname="PresetManagerTest" />
    <testcase name="PresetExistsForNonExistentPreset" file="/Users/azumag/work/obs-stabilizer/tests/test_preset_manager.cpp" line="258" status="run" result="completed" time="0." timestamp="2026-02-16T21:27:41.052" classname="PresetManagerTest" />
    <testcase name="SaveModifyReloadPreset" file="/Users/azumag/work/obs-stabilizer/tests/test_preset_manager.cpp" line="272" status="run" result="completed" time="0." timestamp="2026-02-16T21:27:41.052" classname="PresetManagerTest" />
    <testcase name="OverwriteExistingPreset" file="/Users/azumag/work/obs-stabilizer/tests/test_preset_manager.cpp" line="296" status="run" result="completed" time="0." timestamp="2026-02-16T21:27:41.053" classname="PresetManagerTest" />
  </testsuite>
  <testsuite name="ThreadSafetyTest" tests="20" failures="0" disabled="0" skipped="0" errors="0" time="3.381" timestamp="2026-02-16T21:27:41.053">
    <testcase name="ConcurrentParameterUpdateAndProcessing" file="/Users/azumag/work/obs-stabilizer/tests/test_thread_safety.cpp" line="108" status="run" result="completed" time="0.717" timestamp="2026-02-16T21:27:41.053" classname="ThreadSafetyTest" />
    <testcase name="ConcurrentMetricsAccess" file="/Users/azumag/work/obs-stabilizer/tests/test_thread_safety.cpp" line="136" status="run" result="completed" time="0.145" timestamp="2026-02-16T21:27:41.771" classname="ThreadSafetyTest" />
    <testcase name="RapidParameterUpdates" file="/Users/azumag/work/obs-stabilizer/tests/test_thread_safety.cpp" line="172" status="run" result="completed" time="0.199" timestamp="2026-02-16T21:27:41.916" classname="ThreadSafetyTest" />
    <testcase name="ConcurrentResetAndProcessing" file="/Users/azumag/work/obs-stabilizer/tests/test_thread_safety.cpp" line="208" status="run" result="completed" time="1.34" timestamp="2026-02-16T21:27:42.116" classname="ThreadSafetyTest" />
    <testcase name="ExceptionSafetyDuringConcurrentOperations" file="/Users/azumag/work/obs-stabilizer/tests/test_thread_safety.cpp" line="241" status="run" result="completed" time="0.107" timestamp="2026-02-16T21:27:43.457" classname="ThreadSafetyTest" />
    <testcase name="MixedReadWriteOperations" file="/Users/azumag/work/obs-stabilizer/tests/test_thread_safety.cpp" line="288" status="run" result="completed" time="0.579" timestamp="2026-02-16T21:27:43.565" classname="ThreadSafetyTest" />
    <testcase name="StressTestHighConcurrency" file="/Users/azumag/work/obs-stabilizer/tests/test_thread_safety.cpp" line="360" status="run" result="completed" time="0.131" timestamp="2026-02-16T21:27:44.144" classname="ThreadSafetyTest" />
    <testcase name="OperationsOnUninitializedWrapper" file="/Users/azumag/work/obs-stabilizer/tests/test_thread_safety.cpp" line="426" status="run" result="completed" time="0." timestamp="2026-02-16T21:27:44.275" classname="ThreadSafetyTest" />
    <testcase name="InitializeWithInvalidDimensions" file="/Users/azumag/work/obs-stabilizer/tests/test_thread_safety.cpp" line="480" status="run" result="completed" time="0." timestamp="2026-02-16T21:27:44.275" classname="ThreadSafetyTest" />
    <testcase name="ProcessEmptyFrame" file="/Users/azumag/work/obs-stabilizer/tests/test_thread_safety.cpp" line="520" status="run" result="completed" time="0." timestamp="2026-02-16T21:27:44.275" classname="ThreadSafetyTest" />
    <testcase name="ProcessFrameWithInvalidChannels" file="/Users/azumag/work/obs-stabilizer/tests/test_thread_safety.cpp" line="544" status="run" result="completed" time="0." timestamp="2026-02-16T21:27:44.275" classname="ThreadSafetyTest" />
    <testcase name="ReInitializeWrapper" file="/Users/azumag/work/obs-stabilizer/tests/test_thread_safety.cpp" line="566" status="run" result="completed" time="0.046" timestamp="2026-02-16T21:27:44.276" classname="ThreadSafetyTest" />
    <testcase name="GetCurrentParamsAfterUpdate" file="/Users/azumag/work/obs-stabilizer/tests/test_thread_safety.cpp" line="616" status="run" result="completed" time="0." timestamp="2026-02-16T21:27:44.323" classname="ThreadSafetyTest" />
    <testcase name="GetLastErrorAfterFailedOperation" file="/Users/azumag/work/obs-stabilizer/tests/test_thread_safety.cpp" line="659" status="run" result="completed" time="0.001" timestamp="2026-02-16T21:27:44.323" classname="ThreadSafetyTest" />
    <testcase name="ConcurrentInitialization" file="/Users/azumag/work/obs-stabilizer/tests/test_thread_safety.cpp" line="682" status="run" result="completed" time="0." timestamp="2026-02-16T21:27:44.325" classname="ThreadSafetyTest" />
    <testcase name="ResetAndImmediatelyProcess" file="/Users/azumag/work/obs-stabilizer/tests/test_thread_safety.cpp" line="726" status="run" result="completed" time="0.037" timestamp="2026-02-16T21:27:44.325" classname="ThreadSafetyTest" />
    <testcase name="ProcessFrameAfterReset" file="/Users/azumag/work/obs-stabilizer/tests/test_thread_safety.cpp" line="765" status="run" result="completed" time="0.045" timestamp="2026-02-16T21:27:44.363" classname="ThreadSafetyTest" />
    <testcase name="IsReadyBehavior" file="/Users/azumag/work/obs-stabilizer/tests/test_thread_safety.cpp" line="796" status="run" result="completed" time="0.018" timestamp="2026-02-16T21:27:44.409" classname="ThreadSafetyTest" />
    <testcase name="UpdateParametersWithEdgeValues" file="/Users/azumag/work/obs-stabilizer/tests/test_thread_safety.cpp" line="826" status="run" result="completed" time="0.005" timestamp="2026-02-16T21:27:44.427" classname="ThreadSafetyTest" />
    <testcase name="FrameProcessingWithDifferentResolutions" file="/Users/azumag/work/obs-stabilizer/tests/test_thread_safety.cpp" line="873" status="run" result="completed" time="0.001" timestamp="2026-02-16T21:27:44.433" classname="ThreadSafetyTest" />
  </testsuite>
  <testsuite name="FrameUtilsTest" tests="45" failures="0" disabled="0" skipped="0" errors="0" time="0.065" timestamp="2026-02-16T21:27:44.434">
    <testcase name="ValidateValidCVMat" file="/Users/azumag/work/obs-stabilizer/tests/test_frame_utils.cpp" line="39" status="run" result="completed" time="0." timestamp="2026-02-16T21:27:44.434" classname="FrameUtilsTest" />
    <testcase name="ValidateEmptyCVMat" file="/Users/azumag/work/obs-stabilizer/tests/test_frame_utils.cpp" line="52" status="run" result="completed" time="0." timestamp="2026-02-16T21:27:44.435" classname="FrameUtilsTest" />
    <testcase name="ValidateInvalidDimensionsCVMat" file="/Users/azumag/work/obs-stabilizer/tests/test_frame_utils.cpp" line="61" status="run" result="completed" time="0." timestamp="2026-02-16T21:27:44.435" classname="FrameUtilsTest" />
    <testcase name="ValidateInvalidDepthCVMat" file="/Users/azumag/work/obs-stabilizer/tests/test_frame_utils.cpp" line="77" status="run" result="completed" time="0." timestamp="2026-02-16T21:27:44.435" classname="FrameUtilsTest" />
    <testcase name="ValidateInvalidChannelsCVMat" file="/Users/azumag/work/obs-stabilizer/tests/test_frame_utils.cpp" line="89" status="run" result="completed" time="0." timestamp="2026-02-16T21:27:44.435" classname="FrameUtilsTest" />
    <testcase name="ValidateValidChannelsCVMat" file="/Users/azumag/work/obs-stabilizer/tests/test_frame_utils.cpp" line="99" status="run" result="completed" time="0." timestamp="2026-02-16T21:27:44.435" classname="FrameUtilsTest" />
    <testcase name="ConvertBGRAToGrayscale" file="/Users/azumag/work/obs-stabilizer/tests/test_frame_utils.cpp" line="117" status="run" result="completed" time="0.001" timestamp="2026-02-16T21:27:44.435" classname="FrameUtilsTest" />
    <testcase name="ConvertBGRToGrayscale" file="/Users/azumag/work/obs-stabilizer/tests/test_frame_utils.cpp" line="132" status="run" result="completed" time="0.001" timestamp="2026-02-16T21:27:44.437" classname="FrameUtilsTest" />
    <testcase name="ConvertGrayscaleToGrayscale" file="/Users/azumag/work/obs-stabilizer/tests/test_frame_utils.cpp" line="147" status="run" result="completed" time="0." timestamp="2026-02-16T21:27:44.438" classname="FrameUtilsTest" />
    <testcase name="ConvertEmptyToGrayscale" file="/Users/azumag/work/obs-stabilizer/tests/test_frame_utils.cpp" line="162" status="run" result="completed" time="0." timestamp="2026-02-16T21:27:44.438" classname="FrameUtilsTest" />
    <testcase name="ConvertInvalidChannelsToGrayscale" file="/Users/azumag/work/obs-stabilizer/tests/test_frame_utils.cpp" line="173" status="run" result="completed" time="0." timestamp="2026-02-16T21:27:44.438" classname="FrameUtilsTest" />
    <testcase name="IsSupportedFormat" file="/Users/azumag/work/obs-stabilizer/tests/test_frame_utils.cpp" line="189" status="run" result="completed" time="0." timestamp="2026-02-16T21:27:44.438" classname="FrameUtilsTest" />
    <testcase name="GetFormatName" file="/Users/azumag/work/obs-stabilizer/tests/test_frame_utils.cpp" line="202" status="run" result="completed" time="0." timestamp="2026-02-16T21:27:44.438" classname="FrameUtilsTest" />
    <testcase name="ConvertNullOBSFrameToCV" file="/Users/azumag/work/obs-stabilizer/tests/test_frame_utils.cpp" line="215" status="run" result="completed" time="0." timestamp="2026-02-16T21:27:44.438" classname="FrameUtilsTest" />
    <testcase name="ConvertOBSFrameWithNullDataToCV" file="/Users/azumag/work/obs-stabilizer/tests/test_frame_utils.cpp" line="229" status="run" result="completed" time="0." timestamp="2026-02-16T21:27:44.438" classname="FrameUtilsTest" />
    <testcase name="ConvertOBSFrameWithInvalidDimensionsToCV" file="/Users/azumag/work/obs-stabilizer/tests/test_frame_utils.cpp" line="245" status="run" result="completed" time="0." timestamp="2026-02-16T21:27:44.438" classname="FrameUtilsTest" />
    <testcase name="ConvertOBSFrameWithUnsupportedFormatToCV" file="/Users/azumag/work/obs-stabilizer/tests/test_frame_utils.cpp" line="261" status="run" result="completed" time="0." timestamp="2026-02-16T21:27:44.438" classname="FrameUtilsTest" />
    <testcase name="ValidateNullOBSFrame" file="/Users/azumag/work/obs-stabilizer/tests/test_frame_utils.cpp" line="282" status="run" result="completed" time="0." timestamp="2026-02-16T21:27:44.438" classname="FrameUtilsTest" />
    <testcase name="ValidateOBSFrameWithNullData" file="/Users/azumag/work/obs-stabilizer/tests/test_frame_utils.cpp" line="290" status="run" result="completed" time="0." timestamp="2026-02-16T21:27:44.438" classname="FrameUtilsTest" />
    <testcase name="ValidateOBSFrameWithZeroDimensions" file="/Users/azumag/work/obs-stabilizer/tests/test_frame_utils.cpp" line="304" status="run" result="completed" time="0." timestamp="2026-02-16T21:27:44.438" classname="FrameUtilsTest" />
    <testcase name="ValidateOBSFrameWithUnsupportedFormat" file="/Users/azumag/work/obs-stabilizer/tests/test_frame_utils.cpp" line="315" status="run" result="completed" time="0." timestamp="2026-02-16T21:27:44.438" classname="FrameUtilsTest" />
    <testcase name="GetOBSFrameErrorMessage" file="/Users/azumag/work/obs-stabilizer/tests/test_frame_utils.cpp" line="329" status="run" result="completed" time="0." timestamp="2026-02-16T21:27:44.438" classname="FrameUtilsTest" />
    <testcase name="CreateFrameBufferWithEmptyMat" file="/Users/azumag/work/obs-stabilizer/tests/test_frame_utils.cpp" line="349" status="run" result="completed" time="0." timestamp="2026-02-16T21:27:44.438" classname="FrameUtilsTest" />
    <testcase name="CreateFrameBufferWithNullReference" file="/Users/azumag/work/obs-stabilizer/tests/test_frame_utils.cpp" line="366" status="run" result="completed" time="0." timestamp="2026-02-16T21:27:44.438" classname="FrameUtilsTest" />
    <testcase name="CreateFrameBufferWithInvalidReferenceDimensions" file="/Users/azumag/work/obs-stabilizer/tests/test_frame_utils.cpp" line="378" status="run" result="completed" time="0." timestamp="2026-02-16T21:27:44.438" classname="FrameUtilsTest" />
    <testcase name="ReleaseNullFrameBuffer" file="/Users/azumag/work/obs-stabilizer/tests/test_frame_utils.cpp" line="395" status="run" result="completed" time="0." timestamp="2026-02-16T21:27:44.438" classname="FrameUtilsTest" />
    <testcase name="TrackConversionFailure" file="/Users/azumag/work/obs-stabilizer/tests/test_frame_utils.cpp" line="410" status="run" result="completed" time="0." timestamp="2026-02-16T21:27:44.438" classname="FrameUtilsTest" />
    <testcase name="TrackMultipleConversionFailures" file="/Users/azumag/work/obs-stabilizer/tests/test_frame_utils.cpp" line="426" status="run" result="completed" time="0." timestamp="2026-02-16T21:27:44.438" classname="FrameUtilsTest" />
    <testcase name="ConvertValidBGRAOBSFrameToCV" file="/Users/azumag/work/obs-stabilizer/tests/test_frame_utils.cpp" line="456" status="run" result="completed" time="0.001" timestamp="2026-02-16T21:27:44.438" classname="FrameUtilsTest" />
    <testcase name="ConvertValidBGRXOBSFrameToCV" file="/Users/azumag/work/obs-stabilizer/tests/test_frame_utils.cpp" line="495" status="run" result="completed" time="0.001" timestamp="2026-02-16T21:27:44.440" classname="FrameUtilsTest" />
    <testcase name="ConvertValidBGR3OBSFrameToCV" file="/Users/azumag/work/obs-stabilizer/tests/test_frame_utils.cpp" line="528" status="run" result="completed" time="0.001" timestamp="2026-02-16T21:27:44.442" classname="FrameUtilsTest" />
    <testcase name="ConvertValidNV12OBSFrameToCV" file="/Users/azumag/work/obs-stabilizer/tests/test_frame_utils.cpp" line="563" status="run" result="completed" time="0.003" timestamp="2026-02-16T21:27:44.443" classname="FrameUtilsTest" />
    <testcase name="ConvertValidI420OBSFrameToCV" file="/Users/azumag/work/obs-stabilizer/tests/test_frame_utils.cpp" line="622" status="run" result="completed" time="0.006" timestamp="2026-02-16T21:27:44.447" classname="FrameUtilsTest" />
    <testcase name="ConvertValidCVMatToOBSBGRA" file="/Users/azumag/work/obs-stabilizer/tests/test_frame_utils.cpp" line="687" status="run" result="completed" time="0.001" timestamp="2026-02-16T21:27:44.454" classname="FrameUtilsTest" />
    <testcase name="ConvertValidCVMatToOBSBGR3" file="/Users/azumag/work/obs-stabilizer/tests/test_frame_utils.cpp" line="740" status="run" result="completed" time="0.001" timestamp="2026-02-16T21:27:44.456" classname="FrameUtilsTest" />
    <testcase name="ConvertBGRMatToBGRAOBSFrame" file="/Users/azumag/work/obs-stabilizer/tests/test_frame_utils.cpp" line="793" status="run" result="completed" time="0." timestamp="2026-02-16T21:27:44.457" classname="FrameUtilsTest" />
    <testcase name="FullRoundTripConversion" file="/Users/azumag/work/obs-stabilizer/tests/test_frame_utils.cpp" line="839" status="run" result="completed" time="0.001" timestamp="2026-02-16T21:27:44.458" classname="FrameUtilsTest" />
    <testcase name="FullRoundTripConversionNV12" file="/Users/azumag/work/obs-stabilizer/tests/test_frame_utils.cpp" line="894" status="run" result="completed" time="0.003" timestamp="2026-02-16T21:27:44.460" classname="FrameUtilsTest" />
    <testcase name="FullRoundTripConversionI420" file="/Users/azumag/work/obs-stabilizer/tests/test_frame_utils.cpp" line="938" status="run" result="completed" time="0.006" timestamp="2026-02-16T21:27:44.463" classname="FrameUtilsTest" />
    <testcase name="FrameBufferCreationDifferentSizes" file="/Users/azumag/work/obs-stabilizer/tests/test_frame_utils.cpp" line="992" status="run" result="completed" time="0.02" timestamp="2026-02-16T21:27:44.469" classname="FrameUtilsTest" />
    <testcase name="FrameBufferPreservesTimestamp" file="/Users/azumag/work/obs-stabilizer/tests/test_frame_utils.cpp" line="1039" status="run" result="completed" time="0.002" timestamp="2026-02-16T21:27:44.490" classname="FrameUtilsTest" />
    <testcase name="FrameBufferPreservesColorRange" file="/Users/azumag/work/obs-stabilizer/tests/test_frame_utils.cpp" line="1075" status="run" result="completed" time="0.001" timestamp="2026-02-16T21:27:44.492" classname="FrameUtilsTest" />
    <testcase name="FrameBufferPreservesFlipFlag" file="/Users/azumag/work/obs-stabilizer/tests/test_frame_utils.cpp" line="1104" status="run" result="completed" time="0.001" timestamp="2026-02-16T21:27:44.494" classname="FrameUtilsTest" />
    <testcase name="FrameBufferPreservesFlags" file="/Users/azumag/work/obs-stabilizer/tests/test_frame_utils.cpp" line="1135" status="run" result="completed" time="0.001" timestamp="2026-02-16T21:27:44.496" classname="FrameUtilsTest" />
    <testcase name="ConversionTrackingNoIncrementOnSuccess" file="/Users/azumag/work/obs-stabilizer/tests/test_frame_utils.cpp" line="1166" status="run" result="completed" time="0.001" timestamp="2026-02-16T21:27:44.498" classname="FrameUtilsTest" />
  </testsuite>
  <testsuite name="OBSIntegrationTest" tests="10" failures="0" disabled="0" skipped="4" errors="0" time="0.019" timestamp="2026-02-16T21:27:44.500">
    <testcase name="ParameterValidationValidValues" file="/Users/azumag/work/obs-stabilizer/tests/test_obs_integration.cpp" line="42" status="run" result="skipped" time="0." timestamp="2026-02-16T21:27:44.500" classname="OBSIntegrationTest">
      <skipped message="/Users/azumag/work/obs-stabilizer/tests/test_obs_integration.cpp:43&#x0A;OBS data functions are stubbed in standalone mode&#x0A;"><![CDATA[/Users/azumag/work/obs-stabilizer/tests/test_obs_integration.cpp:43
OBS data functions are stubbed in standalone mode
]]></skipped>
    </testcase>
    <testcase name="ParameterValidationInvalidValues" file="/Users/azumag/work/obs-stabilizer/tests/test_obs_integration.cpp" line="81" status="run" result="skipped" time="0." timestamp="2026-02-16T21:27:44.500" classname="OBSIntegrationTest">
      <skipped message="/Users/azumag/work/obs-stabilizer/tests/test_obs_integration.cpp:82&#x0A;OBS data functions are stubbed in standalone mode&#x0A;"><![CDATA[/Users/azumag/work/obs-stabilizer/tests/test_obs_integration.cpp:82
OBS data functions are stubbed in standalone mode
]]></skipped>
    </testcase>
    <testcase name="PresetApplication" file="/Users/azumag/work/obs-stabilizer/tests/test_obs_integration.cpp" line="106" status="run" result="skipped" time="0." timestamp="2026-02-16T21:27:44.500" classname="OBSIntegrationTest">
      <skipped message="/Users/azumag/work/obs-stabilizer/tests/test_obs_integration.cpp:107&#x0A;OBS data functions are stubbed in standalone mode&#x0A;"><![CDATA[/Users/azumag/work/obs-stabilizer/tests/test_obs_integration.cpp:107
OBS data functions are stubbed in standalone mode
]]></skipped>
    </testcase>
    <testcase name="EdgeHandlingConversion" file="/Users/azumag/work/obs-stabilizer/tests/test_obs_integration.cpp" line="138" status="run" result="skipped" time="0." timestamp="2026-02-16T21:27:44.500" classname="OBSIntegrationTest">
      <skipped message="/Users/azumag/work/obs-stabilizer/tests/test_obs_integration.cpp:139&#x0A;OBS data functions are stubbed in standalone mode&#x0A;"><![CDATA[/Users/azumag/work/obs-stabilizer/tests/test_obs_integration.cpp:139
OBS data functions are stubbed in standalone mode
]]></skipped>
    </testcase>
    <testcase name="OBSFrameToCVMatConversion" file="/Users/azumag/work/obs-stabilizer/tests/test_obs_integration.cpp" line="165" status="run" result="completed" time="0.002" timestamp="2026-02-16T21:27:44.500" classname="OBSIntegrationTest" />
    <testcase name="CVMatToOBSFrameConversion" file="/Users/azumag/work/obs-stabilizer/tests/test_obs_integration.cpp" line="196" status="run" result="completed" time="0.001" timestamp="2026-02-16T21:27:44.502" classname="OBSIntegrationTest" />
    <testcase name="NullFrameHandling" file="/Users/azumag/work/obs-stabilizer/tests/test_obs_integration.cpp" line="233" status="run" result="completed" time="0." timestamp="2026-02-16T21:27:44.504" classname="OBSIntegrationTest" />
    <testcase name="InvalidFormatHandling" file="/Users/azumag/work/obs-stabilizer/tests/test_obs_integration.cpp" line="252" status="run" result="completed" time="0." timestamp="2026-02-16T21:27:44.504" classname="OBSIntegrationTest" />
    <testcase name="FullFrameProcessingPipeline" file="/Users/azumag/work/obs-stabilizer/tests/test_obs_integration.cpp" line="276" status="run" result="completed" time="0.001" timestamp="2026-02-16T21:27:44.504" classname="OBSIntegrationTest" />
    <testcase name="ConversionPerformance" file="/Users/azumag/work/obs-stabilizer/tests/test_obs_integration.cpp" line="335" status="run" result="completed" time="0.012" timestamp="2026-02-16T21:27:44.506" classname="OBSIntegrationTest" />
  </testsuite>
</testsuites>
