<?xml version="1.0" encoding="UTF-8"?>
<testsuites tests="174" failures="0" disabled="4" errors="0" time="39.994" timestamp="2026-02-16T03:04:17.141" name="AllTests">
  <testsuite name="BasicTest" tests="16" failures="0" disabled="0" skipped="0" errors="0" time="0.016" timestamp="2026-02-16T03:04:17.141">
    <testcase name="TestOpenCVInitialization" file="/Users/azumag/work/obs-stabilizer/tests/test_basic.cpp" line="14" status="run" result="completed" time="0.001" timestamp="2026-02-16T03:04:17.141" classname="BasicTest" />
    <testcase name="TestFrameGeneration" file="/Users/azumag/work/obs-stabilizer/tests/test_basic.cpp" line="24" status="run" result="completed" time="0." timestamp="2026-02-16T03:04:17.142" classname="BasicTest" />
    <testcase name="TestMotionFrameGeneration" file="/Users/azumag/work/obs-stabilizer/tests/test_basic.cpp" line="31" status="run" result="completed" time="0.003" timestamp="2026-02-16T03:04:17.143" classname="BasicTest" />
    <testcase name="TestSequenceGeneration" file="/Users/azumag/work/obs-stabilizer/tests/test_basic.cpp" line="38" status="run" result="completed" time="0.001" timestamp="2026-02-16T03:04:17.146" classname="BasicTest" />
    <testcase name="TestDifferentVideoFormats" file="/Users/azumag/work/obs-stabilizer/tests/test_basic.cpp" line="54" status="run" result="completed" time="0." timestamp="2026-02-16T03:04:17.148" classname="BasicTest" />
    <testcase name="TestFrameWithFeatures" file="/Users/azumag/work/obs-stabilizer/tests/test_basic.cpp" line="59" status="run" result="completed" time="0." timestamp="2026-02-16T03:04:17.148" classname="BasicTest" />
    <testcase name="TestComprehensiveTestData" file="/Users/azumag/work/obs-stabilizer/tests/test_basic.cpp" line="66" status="run" result="completed" time="0.007" timestamp="2026-02-16T03:04:17.148" classname="BasicTest" />
    <testcase name="TestHorizontalMotionFrame" file="/Users/azumag/work/obs-stabilizer/tests/test_basic.cpp" line="77" status="run" result="completed" time="0." timestamp="2026-02-16T03:04:17.155" classname="BasicTest" />
    <testcase name="TestVerticalMotionFrame" file="/Users/azumag/work/obs-stabilizer/tests/test_basic.cpp" line="87" status="run" result="completed" time="0." timestamp="2026-02-16T03:04:17.156" classname="BasicTest" />
    <testcase name="TestRotationFrame" file="/Users/azumag/work/obs-stabilizer/tests/test_basic.cpp" line="97" status="run" result="completed" time="0." timestamp="2026-02-16T03:04:17.156" classname="BasicTest" />
    <testcase name="TestZoomFrame" file="/Users/azumag/work/obs-stabilizer/tests/test_basic.cpp" line="108" status="run" result="completed" time="0." timestamp="2026-02-16T03:04:17.157" classname="BasicTest" />
    <testcase name="TestResolutionConstants" file="/Users/azumag/work/obs-stabilizer/tests/test_basic.cpp" line="119" status="run" result="completed" time="0." timestamp="2026-02-16T03:04:17.157" classname="BasicTest" />
    <testcase name="TestFrameCountConstants" file="/Users/azumag/work/obs-stabilizer/tests/test_basic.cpp" line="126" status="run" result="completed" time="0." timestamp="2026-02-16T03:04:17.157" classname="BasicTest" />
    <testcase name="TestMotionConstants" file="/Users/azumag/work/obs-stabilizer/tests/test_basic.cpp" line="133" status="run" result="completed" time="0." timestamp="2026-02-16T03:04:17.157" classname="BasicTest" />
    <testcase name="TestFeatureConstants" file="/Users/azumag/work/obs-stabilizer/tests/test_basic.cpp" line="143" status="run" result="completed" time="0." timestamp="2026-02-16T03:04:17.157" classname="BasicTest" />
    <testcase name="TestProcessingConstants" file="/Users/azumag/work/obs-stabilizer/tests/test_basic.cpp" line="151" status="run" result="completed" time="0." timestamp="2026-02-16T03:04:17.157" classname="BasicTest" />
  </testsuite>
  <testsuite name="StabilizerCoreTest" tests="28" failures="0" disabled="0" skipped="0" errors="0" time="0.246" timestamp="2026-02-16T03:04:17.157">
    <testcase name="BasicFunctionality" file="/Users/azumag/work/obs-stabilizer/tests/test_stabilizer_core.cpp" line="32" status="run" result="completed" time="0." timestamp="2026-02-16T03:04:17.157" classname="StabilizerCoreTest" />
    <testcase name="InitializationWithDifferentResolutions" file="/Users/azumag/work/obs-stabilizer/tests/test_stabilizer_core.cpp" line="44" status="run" result="completed" time="0." timestamp="2026-02-16T03:04:17.157" classname="StabilizerCoreTest" />
    <testcase name="ProcessSingleFrame" file="/Users/azumag/work/obs-stabilizer/tests/test_stabilizer_core.cpp" line="59" status="run" result="completed" time="0.005" timestamp="2026-02-16T03:04:17.157" classname="StabilizerCoreTest" />
    <testcase name="ProcessMultipleFrames" file="/Users/azumag/work/obs-stabilizer/tests/test_stabilizer_core.cpp" line="75" status="run" result="completed" time="0.029" timestamp="2026-02-16T03:04:17.163" classname="StabilizerCoreTest" />
    <testcase name="ProcessHorizontalMotion" file="/Users/azumag/work/obs-stabilizer/tests/test_stabilizer_core.cpp" line="93" status="run" result="completed" time="0.042" timestamp="2026-02-16T03:04:17.192" classname="StabilizerCoreTest" />
    <testcase name="ProcessVerticalMotion" file="/Users/azumag/work/obs-stabilizer/tests/test_stabilizer_core.cpp" line="110" status="run" result="completed" time="0.042" timestamp="2026-02-16T03:04:17.234" classname="StabilizerCoreTest" />
    <testcase name="ProcessRotation" file="/Users/azumag/work/obs-stabilizer/tests/test_stabilizer_core.cpp" line="128" status="run" result="completed" time="0.043" timestamp="2026-02-16T03:04:17.276" classname="StabilizerCoreTest" />
    <testcase name="ProcessZoom" file="/Users/azumag/work/obs-stabilizer/tests/test_stabilizer_core.cpp" line="146" status="run" result="completed" time="0.041" timestamp="2026-02-16T03:04:17.320" classname="StabilizerCoreTest" />
    <testcase name="ParameterValidation" file="/Users/azumag/work/obs-stabilizer/tests/test_stabilizer_core.cpp" line="164" status="run" result="completed" time="0." timestamp="2026-02-16T03:04:17.362" classname="StabilizerCoreTest" />
    <testcase name="UpdateParameters" file="/Users/azumag/work/obs-stabilizer/tests/test_stabilizer_core.cpp" line="194" status="run" result="completed" time="0." timestamp="2026-02-16T03:04:17.362" classname="StabilizerCoreTest" />
    <testcase name="ResetState" file="/Users/azumag/work/obs-stabilizer/tests/test_stabilizer_core.cpp" line="209" status="run" result="completed" time="0.001" timestamp="2026-02-16T03:04:17.362" classname="StabilizerCoreTest" />
    <testcase name="PerformanceMetrics" file="/Users/azumag/work/obs-stabilizer/tests/test_stabilizer_core.cpp" line="224" status="run" result="completed" time="0.025" timestamp="2026-02-16T03:04:17.363" classname="StabilizerCoreTest" />
    <testcase name="PresetConfigurations" file="/Users/azumag/work/obs-stabilizer/tests/test_stabilizer_core.cpp" line="243" status="run" result="completed" time="0." timestamp="2026-02-16T03:04:17.388" classname="StabilizerCoreTest" />
    <testcase name="ErrorHandling" file="/Users/azumag/work/obs-stabilizer/tests/test_stabilizer_core.cpp" line="260" status="run" result="completed" time="0." timestamp="2026-02-16T03:04:17.388" classname="StabilizerCoreTest" />
    <testcase name="DifferentFeatureCounts" file="/Users/azumag/work/obs-stabilizer/tests/test_stabilizer_core.cpp" line="272" status="run" result="completed" time="0.002" timestamp="2026-02-16T03:04:17.388" classname="StabilizerCoreTest" />
    <testcase name="DifferentSmoothingWindows" file="/Users/azumag/work/obs-stabilizer/tests/test_stabilizer_core.cpp" line="288" status="run" result="completed" time="0.002" timestamp="2026-02-16T03:04:17.391" classname="StabilizerCoreTest" />
    <testcase name="EdgeModePadding" file="/Users/azumag/work/obs-stabilizer/tests/test_stabilizer_core.cpp" line="304" status="run" result="completed" time="0.001" timestamp="2026-02-16T03:04:17.393" classname="StabilizerCoreTest" />
    <testcase name="EdgeModeCrop" file="/Users/azumag/work/obs-stabilizer/tests/test_stabilizer_core.cpp" line="317" status="run" result="completed" time="0.001" timestamp="2026-02-16T03:04:17.394" classname="StabilizerCoreTest" />
    <testcase name="EdgeModeScale" file="/Users/azumag/work/obs-stabilizer/tests/test_stabilizer_core.cpp" line="331" status="run" result="completed" time="0.001" timestamp="2026-02-16T03:04:17.396" classname="StabilizerCoreTest" />
    <testcase name="DetectContentBounds" file="/Users/azumag/work/obs-stabilizer/tests/test_stabilizer_core.cpp" line="344" status="run" result="completed" time="0.001" timestamp="2026-02-16T03:04:17.397" classname="StabilizerCoreTest" />
    <testcase name="DetectContentBoundsFullFrame" file="/Users/azumag/work/obs-stabilizer/tests/test_stabilizer_core.cpp" line="360" status="run" result="completed" time="0." timestamp="2026-02-16T03:04:17.398" classname="StabilizerCoreTest" />
    <testcase name="DetectContentBoundsExtremeBorder" file="/Users/azumag/work/obs-stabilizer/tests/test_stabilizer_core.cpp" line="374" status="run" result="completed" time="0." timestamp="2026-02-16T03:04:17.399" classname="StabilizerCoreTest" />
    <testcase name="DetectContentBoundsMinFrameSize" file="/Users/azumag/work/obs-stabilizer/tests/test_stabilizer_core.cpp" line="390" status="run" result="completed" time="0." timestamp="2026-02-16T03:04:17.400" classname="StabilizerCoreTest" />
    <testcase name="DetectContentBoundsUltraWideAspect" file="/Users/azumag/work/obs-stabilizer/tests/test_stabilizer_core.cpp" line="404" status="run" result="completed" time="0." timestamp="2026-02-16T03:04:17.400" classname="StabilizerCoreTest" />
    <testcase name="DetectContentBoundsSquareAspect" file="/Users/azumag/work/obs-stabilizer/tests/test_stabilizer_core.cpp" line="419" status="run" result="completed" time="0." timestamp="2026-02-16T03:04:17.400" classname="StabilizerCoreTest" />
    <testcase name="DetectContentBoundsAllBlack" file="/Users/azumag/work/obs-stabilizer/tests/test_stabilizer_core.cpp" line="434" status="run" result="completed" time="0." timestamp="2026-02-16T03:04:17.401" classname="StabilizerCoreTest" />
    <testcase name="EdgeModeWithMinimalBorders" file="/Users/azumag/work/obs-stabilizer/tests/test_stabilizer_core.cpp" line="448" status="run" result="completed" time="0.001" timestamp="2026-02-16T03:04:17.401" classname="StabilizerCoreTest" />
    <testcase name="EdgeModeWithLargeBorders" file="/Users/azumag/work/obs-stabilizer/tests/test_stabilizer_core.cpp" line="463" status="run" result="completed" time="0.001" timestamp="2026-02-16T03:04:17.402" classname="StabilizerCoreTest" />
  </testsuite>
  <testsuite name="EdgeCaseTest" tests="56" failures="0" disabled="0" skipped="0" errors="0" time="0.261" timestamp="2026-02-16T03:04:17.404">
    <testcase name="EmptyFrameHandling" file="/Users/azumag/work/obs-stabilizer/tests/test_edge_cases.cpp" line="37" status="run" result="completed" time="0." timestamp="2026-02-16T03:04:17.404" classname="EdgeCaseTest" />
    <testcase name="NullFramePointerHandling" file="/Users/azumag/work/obs-stabilizer/tests/test_edge_cases.cpp" line="48" status="run" result="completed" time="0." timestamp="2026-02-16T03:04:17.404" classname="EdgeCaseTest" />
    <testcase name="ZeroWidthFrame" file="/Users/azumag/work/obs-stabilizer/tests/test_edge_cases.cpp" line="60" status="run" result="completed" time="0." timestamp="2026-02-16T03:04:17.404" classname="EdgeCaseTest" />
    <testcase name="ZeroHeightFrame" file="/Users/azumag/work/obs-stabilizer/tests/test_edge_cases.cpp" line="67" status="run" result="completed" time="0." timestamp="2026-02-16T03:04:17.404" classname="EdgeCaseTest" />
    <testcase name="VerySmallFrame" file="/Users/azumag/work/obs-stabilizer/tests/test_edge_cases.cpp" line="74" status="run" result="completed" time="0." timestamp="2026-02-16T03:04:17.404" classname="EdgeCaseTest" />
    <testcase name="VeryLargeFrame" file="/Users/azumag/work/obs-stabilizer/tests/test_edge_cases.cpp" line="81" status="run" result="completed" time="0." timestamp="2026-02-16T03:04:17.404" classname="EdgeCaseTest" />
    <testcase name="SingleChannelFrame" file="/Users/azumag/work/obs-stabilizer/tests/test_edge_cases.cpp" line="92" status="run" result="completed" time="0.001" timestamp="2026-02-16T03:04:17.404" classname="EdgeCaseTest" />
    <testcase name="TwoChannelFrame" file="/Users/azumag/work/obs-stabilizer/tests/test_edge_cases.cpp" line="103" status="run" result="completed" time="0." timestamp="2026-02-16T03:04:17.405" classname="EdgeCaseTest" />
    <testcase name="SixteenBitDepthFrame" file="/Users/azumag/work/obs-stabilizer/tests/test_edge_cases.cpp" line="114" status="run" result="completed" time="0." timestamp="2026-02-16T03:04:17.405" classname="EdgeCaseTest" />
    <testcase name="MinimumValidFrameSize" file="/Users/azumag/work/obs-stabilizer/tests/test_edge_cases.cpp" line="129" status="run" result="completed" time="0." timestamp="2026-02-16T03:04:17.405" classname="EdgeCaseTest" />
    <testcase name="SmoothingRadiusBoundary" file="/Users/azumag/work/obs-stabilizer/tests/test_edge_cases.cpp" line="141" status="run" result="completed" time="0." timestamp="2026-02-16T03:04:17.405" classname="EdgeCaseTest" />
    <testcase name="FeatureCountBoundary" file="/Users/azumag/work/obs-stabilizer/tests/test_edge_cases.cpp" line="163" status="run" result="completed" time="0." timestamp="2026-02-16T03:04:17.405" classname="EdgeCaseTest" />
    <testcase name="QualityLevelBoundary" file="/Users/azumag/work/obs-stabilizer/tests/test_edge_cases.cpp" line="180" status="run" result="completed" time="0." timestamp="2026-02-16T03:04:17.405" classname="EdgeCaseTest" />
    <testcase name="ResetDuringProcessing" file="/Users/azumag/work/obs-stabilizer/tests/test_edge_cases.cpp" line="206" status="run" result="completed" time="0.014" timestamp="2026-02-16T03:04:17.405" classname="EdgeCaseTest" />
    <testcase name="ReinitializeWithDifferentParams" file="/Users/azumag/work/obs-stabilizer/tests/test_edge_cases.cpp" line="230" status="run" result="completed" time="0.007" timestamp="2026-02-16T03:04:17.419" classname="EdgeCaseTest" />
    <testcase name="AllBlackFrame" file="/Users/azumag/work/obs-stabilizer/tests/test_edge_cases.cpp" line="256" status="run" result="completed" time="0.001" timestamp="2026-02-16T03:04:17.427" classname="EdgeCaseTest" />
    <testcase name="AllWhiteFrame" file="/Users/azumag/work/obs-stabilizer/tests/test_edge_cases.cpp" line="268" status="run" result="completed" time="0.001" timestamp="2026-02-16T03:04:17.428" classname="EdgeCaseTest" />
    <testcase name="FrameUtilsEmptyMatValidation" file="/Users/azumag/work/obs-stabilizer/tests/test_edge_cases.cpp" line="284" status="run" result="completed" time="0." timestamp="2026-02-16T03:04:17.430" classname="EdgeCaseTest" />
    <testcase name="FrameUtilsInvalidDimensions" file="/Users/azumag/work/obs-stabilizer/tests/test_edge_cases.cpp" line="289" status="run" result="completed" time="0.001" timestamp="2026-02-16T03:04:17.430" classname="EdgeCaseTest" />
    <testcase name="FrameUtilsInvalidChannels" file="/Users/azumag/work/obs-stabilizer/tests/test_edge_cases.cpp" line="308" status="run" result="completed" time="0." timestamp="2026-02-16T03:04:17.431" classname="EdgeCaseTest" />
    <testcase name="ColorConversionGrayscale" file="/Users/azumag/work/obs-stabilizer/tests/test_edge_cases.cpp" line="313" status="run" result="completed" time="0." timestamp="2026-02-16T03:04:17.431" classname="EdgeCaseTest" />
    <testcase name="ColorConversionEmptyFrame" file="/Users/azumag/work/obs-stabilizer/tests/test_edge_cases.cpp" line="320" status="run" result="completed" time="0." timestamp="2026-02-16T03:04:17.431" classname="EdgeCaseTest" />
    <testcase name="InitializeWithZeroWidth" file="/Users/azumag/work/obs-stabilizer/tests/test_edge_cases.cpp" line="330" status="run" result="completed" time="0." timestamp="2026-02-16T03:04:17.431" classname="EdgeCaseTest" />
    <testcase name="InitializeWithZeroHeight" file="/Users/azumag/work/obs-stabilizer/tests/test_edge_cases.cpp" line="336" status="run" result="completed" time="0." timestamp="2026-02-16T03:04:17.431" classname="EdgeCaseTest" />
    <testcase name="InitializeWithTooSmallDimensions" file="/Users/azumag/work/obs-stabilizer/tests/test_edge_cases.cpp" line="342" status="run" result="completed" time="0." timestamp="2026-02-16T03:04:17.431" classname="EdgeCaseTest" />
    <testcase name="InitializeWithMinimumValidDimensions" file="/Users/azumag/work/obs-stabilizer/tests/test_edge_cases.cpp" line="349" status="run" result="completed" time="0." timestamp="2026-02-16T03:04:17.431" classname="EdgeCaseTest" />
    <testcase name="ProcessFrame32BitFloatDepth" file="/Users/azumag/work/obs-stabilizer/tests/test_edge_cases.cpp" line="355" status="run" result="completed" time="0." timestamp="2026-02-16T03:04:17.431" classname="EdgeCaseTest" />
    <testcase name="ProcessFrame64BitFloatDepth" file="/Users/azumag/work/obs-stabilizer/tests/test_edge_cases.cpp" line="366" status="run" result="completed" time="0." timestamp="2026-02-16T03:04:17.431" classname="EdgeCaseTest" />
    <testcase name="ProcessFrame3Channels" file="/Users/azumag/work/obs-stabilizer/tests/test_edge_cases.cpp" line="377" status="run" result="completed" time="0.001" timestamp="2026-02-16T03:04:17.431" classname="EdgeCaseTest" />
    <testcase name="ProcessFrame5Channels" file="/Users/azumag/work/obs-stabilizer/tests/test_edge_cases.cpp" line="389" status="run" result="completed" time="0.001" timestamp="2026-02-16T03:04:17.432" classname="EdgeCaseTest" />
    <testcase name="ProcessFrameWithExtremeMaxCorrection" file="/Users/azumag/work/obs-stabilizer/tests/test_edge_cases.cpp" line="402" status="run" result="completed" time="0.012" timestamp="2026-02-16T03:04:17.433" classname="EdgeCaseTest" />
    <testcase name="ProcessFrameWithZeroFeatureCount" file="/Users/azumag/work/obs-stabilizer/tests/test_edge_cases.cpp" line="416" status="run" result="completed" time="0.001" timestamp="2026-02-16T03:04:17.446" classname="EdgeCaseTest" />
    <testcase name="ProcessFrameWithNegativeSmoothingRadius" file="/Users/azumag/work/obs-stabilizer/tests/test_edge_cases.cpp" line="428" status="run" result="completed" time="0.012" timestamp="2026-02-16T03:04:17.447" classname="EdgeCaseTest" />
    <testcase name="ProcessFrameWithVeryLargeSmoothingRadius" file="/Users/azumag/work/obs-stabilizer/tests/test_edge_cases.cpp" line="441" status="run" result="completed" time="0.019" timestamp="2026-02-16T03:04:17.460" classname="EdgeCaseTest" />
    <testcase name="ProcessFrameSequenceWithTrackingFailures" file="/Users/azumag/work/obs-stabilizer/tests/test_edge_cases.cpp" line="458" status="run" result="completed" time="0.013" timestamp="2026-02-16T03:04:17.479" classname="EdgeCaseTest" />
    <testcase name="ProcessAllBlackFrameSequence" file="/Users/azumag/work/obs-stabilizer/tests/test_edge_cases.cpp" line="476" status="run" result="completed" time="0.012" timestamp="2026-02-16T03:04:17.492" classname="EdgeCaseTest" />
    <testcase name="ProcessAllWhiteFrameSequence" file="/Users/azumag/work/obs-stabilizer/tests/test_edge_cases.cpp" line="487" status="run" result="completed" time="0.012" timestamp="2026-02-16T03:04:17.505" classname="EdgeCaseTest" />
    <testcase name="ProcessAlternatingBlackWhiteFrames" file="/Users/azumag/work/obs-stabilizer/tests/test_edge_cases.cpp" line="498" status="run" result="completed" time="0.012" timestamp="2026-02-16T03:04:17.517" classname="EdgeCaseTest" />
    <testcase name="ResetAfterTrackingFailures" file="/Users/azumag/work/obs-stabilizer/tests/test_edge_cases.cpp" line="515" status="run" result="completed" time="0.007" timestamp="2026-02-16T03:04:17.530" classname="EdgeCaseTest" />
    <testcase name="EdgeModePadding" file="/Users/azumag/work/obs-stabilizer/tests/test_edge_cases.cpp" line="536" status="run" result="completed" time="0.012" timestamp="2026-02-16T03:04:17.538" classname="EdgeCaseTest" />
    <testcase name="EdgeModeCrop" file="/Users/azumag/work/obs-stabilizer/tests/test_edge_cases.cpp" line="549" status="run" result="completed" time="0.015" timestamp="2026-02-16T03:04:17.550" classname="EdgeCaseTest" />
    <testcase name="EdgeModeScale" file="/Users/azumag/work/obs-stabilizer/tests/test_edge_cases.cpp" line="561" status="run" result="completed" time="0.027" timestamp="2026-02-16T03:04:17.566" classname="EdgeCaseTest" />
    <testcase name="EdgeModeCropWithBlackBorders" file="/Users/azumag/work/obs-stabilizer/tests/test_edge_cases.cpp" line="574" status="run" result="completed" time="0.001" timestamp="2026-02-16T03:04:17.593" classname="EdgeCaseTest" />
    <testcase name="EdgeModeScaleWithBlackBorders" file="/Users/azumag/work/obs-stabilizer/tests/test_edge_cases.cpp" line="587" status="run" result="completed" time="0.001" timestamp="2026-02-16T03:04:17.594" classname="EdgeCaseTest" />
    <testcase name="DetectContentBoundsSquareFrame" file="/Users/azumag/work/obs-stabilizer/tests/test_edge_cases.cpp" line="600" status="run" result="completed" time="0." timestamp="2026-02-16T03:04:17.596" classname="EdgeCaseTest" />
    <testcase name="DetectContentBoundsUltrawideFrame" file="/Users/azumag/work/obs-stabilizer/tests/test_edge_cases.cpp" line="612" status="run" result="completed" time="0.001" timestamp="2026-02-16T03:04:17.596" classname="EdgeCaseTest" />
    <testcase name="DetectContentBoundsMinimumFrame" file="/Users/azumag/work/obs-stabilizer/tests/test_edge_cases.cpp" line="624" status="run" result="completed" time="0." timestamp="2026-02-16T03:04:17.598" classname="EdgeCaseTest" />
    <testcase name="DetectContentBoundsAllBlack" file="/Users/azumag/work/obs-stabilizer/tests/test_edge_cases.cpp" line="636" status="run" result="completed" time="0." timestamp="2026-02-16T03:04:17.598" classname="EdgeCaseTest" />
    <testcase name="DetectContentBoundsAllWhite" file="/Users/azumag/work/obs-stabilizer/tests/test_edge_cases.cpp" line="648" status="run" result="completed" time="0." timestamp="2026-02-16T03:04:17.598" classname="EdgeCaseTest" />
    <testcase name="PresetGaming" file="/Users/azumag/work/obs-stabilizer/tests/test_edge_cases.cpp" line="664" status="run" result="completed" time="0.012" timestamp="2026-02-16T03:04:17.599" classname="EdgeCaseTest" />
    <testcase name="PresetStreaming" file="/Users/azumag/work/obs-stabilizer/tests/test_edge_cases.cpp" line="675" status="run" result="completed" time="0.015" timestamp="2026-02-16T03:04:17.611" classname="EdgeCaseTest" />
    <testcase name="PresetRecording" file="/Users/azumag/work/obs-stabilizer/tests/test_edge_cases.cpp" line="686" status="run" result="completed" time="0.026" timestamp="2026-02-16T03:04:17.626" classname="EdgeCaseTest" />
    <testcase name="PerformanceMetricsAfterProcessing" file="/Users/azumag/work/obs-stabilizer/tests/test_edge_cases.cpp" line="701" status="run" result="completed" time="0.012" timestamp="2026-02-16T03:04:17.653" classname="EdgeCaseTest" />
    <testcase name="IsReadyAfterInitialization" file="/Users/azumag/work/obs-stabilizer/tests/test_edge_cases.cpp" line="715" status="run" result="completed" time="0." timestamp="2026-02-16T03:04:17.665" classname="EdgeCaseTest" />
    <testcase name="IsReadyBeforeInitialization" file="/Users/azumag/work/obs-stabilizer/tests/test_edge_cases.cpp" line="722" status="run" result="completed" time="0." timestamp="2026-02-16T03:04:17.665" classname="EdgeCaseTest" />
    <testcase name="GetLastErrorAfterError" file="/Users/azumag/work/obs-stabilizer/tests/test_edge_cases.cpp" line="726" status="run" result="completed" time="0." timestamp="2026-02-16T03:04:17.665" classname="EdgeCaseTest" />
  </testsuite>
  <testsuite name="IntegrationTest" tests="14" failures="0" disabled="0" skipped="0" errors="0" time="1.28" timestamp="2026-02-16T03:04:17.665">
    <testcase name="ProcessLongSequence" file="/Users/azumag/work/obs-stabilizer/tests/test_integration.cpp" line="36" status="run" result="completed" time="0.492" timestamp="2026-02-16T03:04:17.665" classname="IntegrationTest" />
    <testcase name="ContinuousMotionSequence" file="/Users/azumag/work/obs-stabilizer/tests/test_integration.cpp" line="56" status="run" result="completed" time="0.043" timestamp="2026-02-16T03:04:18.158" classname="IntegrationTest" />
    <testcase name="ResolutionChangeDuringStream" file="/Users/azumag/work/obs-stabilizer/tests/test_integration.cpp" line="80" status="run" result="completed" time="0.058" timestamp="2026-02-16T03:04:18.202" classname="IntegrationTest" />
    <testcase name="MultipleReinitializations" file="/Users/azumag/work/obs-stabilizer/tests/test_integration.cpp" line="112" status="run" result="completed" time="0.065" timestamp="2026-02-16T03:04:18.260" classname="IntegrationTest" />
    <testcase name="UpdateParametersDuringStream" file="/Users/azumag/work/obs-stabilizer/tests/test_integration.cpp" line="137" status="run" result="completed" time="0.038" timestamp="2026-02-16T03:04:18.326" classname="IntegrationTest" />
    <testcase name="MixedMotionSequence" file="/Users/azumag/work/obs-stabilizer/tests/test_integration.cpp" line="180" status="run" result="completed" time="0.075" timestamp="2026-02-16T03:04:18.365" classname="IntegrationTest" />
    <testcase name="PerformanceMetricsTracking" file="/Users/azumag/work/obs-stabilizer/tests/test_integration.cpp" line="216" status="run" result="completed" time="0.062" timestamp="2026-02-16T03:04:18.440" classname="IntegrationTest" />
    <testcase name="DisabledStabilizerPerformance" file="/Users/azumag/work/obs-stabilizer/tests/test_integration.cpp" line="234" status="run" result="completed" time="0.062" timestamp="2026-02-16T03:04:18.503" classname="IntegrationTest" />
    <testcase name="TransformHistoryManagement" file="/Users/azumag/work/obs-stabilizer/tests/test_integration.cpp" line="272" status="run" result="completed" time="0.041" timestamp="2026-02-16T03:04:18.565" classname="IntegrationTest" />
    <testcase name="GamingPresetIntegration" file="/Users/azumag/work/obs-stabilizer/tests/test_integration.cpp" line="293" status="run" result="completed" time="0.065" timestamp="2026-02-16T03:04:18.607" classname="IntegrationTest" />
    <testcase name="StreamingPresetIntegration" file="/Users/azumag/work/obs-stabilizer/tests/test_integration.cpp" line="307" status="run" result="completed" time="0.115" timestamp="2026-02-16T03:04:18.672" classname="IntegrationTest" />
    <testcase name="RecordingPresetIntegration" file="/Users/azumag/work/obs-stabilizer/tests/test_integration.cpp" line="321" status="run" result="completed" time="0.132" timestamp="2026-02-16T03:04:18.787" classname="IntegrationTest" />
    <testcase name="RecoverFromInvalidFrame" file="/Users/azumag/work/obs-stabilizer/tests/test_integration.cpp" line="339" status="run" result="completed" time="0.012" timestamp="2026-02-16T03:04:18.920" classname="IntegrationTest" />
    <testcase name="RecoverFromBadInitialization" file="/Users/azumag/work/obs-stabilizer/tests/test_integration.cpp" line="368" status="run" result="completed" time="0.012" timestamp="2026-02-16T03:04:18.933" classname="IntegrationTest" />
  </testsuite>
  <testsuite name="MemoryLeakTest" tests="13" failures="0" disabled="0" skipped="0" errors="0" time="18.902" timestamp="2026-02-16T03:04:18.946">
    <testcase name="LongDurationProcessing" file="/Users/azumag/work/obs-stabilizer/tests/test_memory_leaks.cpp" line="80" status="run" result="completed" time="1.402" timestamp="2026-02-16T03:04:18.946" classname="MemoryLeakTest" />
    <testcase name="ContinuousReinitialization" file="/Users/azumag/work/obs-stabilizer/tests/test_memory_leaks.cpp" line="114" status="run" result="completed" time="1.282" timestamp="2026-02-16T03:04:20.349" classname="MemoryLeakTest" />
    <testcase name="MultipleInstancesSimultaneously" file="/Users/azumag/work/obs-stabilizer/tests/test_memory_leaks.cpp" line="142" status="run" result="completed" time="1.351" timestamp="2026-02-16T03:04:21.631" classname="MemoryLeakTest" />
    <testcase name="ParameterUpdateMemory" file="/Users/azumag/work/obs-stabilizer/tests/test_memory_leaks.cpp" line="180" status="run" result="completed" time="0.138" timestamp="2026-02-16T03:04:22.983" classname="MemoryLeakTest" />
    <testcase name="ResetDuringProcessing" file="/Users/azumag/work/obs-stabilizer/tests/test_memory_leaks.cpp" line="210" status="run" result="completed" time="0.629" timestamp="2026-02-16T03:04:23.121" classname="MemoryLeakTest" />
    <testcase name="LargeFrameProcessing" file="/Users/azumag/work/obs-stabilizer/tests/test_memory_leaks.cpp" line="241" status="run" result="completed" time="0.432" timestamp="2026-02-16T03:04:23.751" classname="MemoryLeakTest" />
    <testcase name="TransformBufferManagement" file="/Users/azumag/work/obs-stabilizer/tests/test_memory_leaks.cpp" line="266" status="run" result="completed" time="1.084" timestamp="2026-02-16T03:04:24.183" classname="MemoryLeakTest" />
    <testcase name="FeatureTrackingMemory" file="/Users/azumag/work/obs-stabilizer/tests/test_memory_leaks.cpp" line="295" status="run" result="completed" time="6.282" timestamp="2026-02-16T03:04:25.268" classname="MemoryLeakTest" />
    <testcase name="EmptyFrameHandlingMemory" file="/Users/azumag/work/obs-stabilizer/tests/test_memory_leaks.cpp" line="320" status="run" result="completed" time="0." timestamp="2026-02-16T03:04:31.550" classname="MemoryLeakTest" />
    <testcase name="InvalidFrameHandlingMemory" file="/Users/azumag/work/obs-stabilizer/tests/test_memory_leaks.cpp" line="338" status="run" result="completed" time="0." timestamp="2026-02-16T03:04:31.550" classname="MemoryLeakTest" />
    <testcase name="StressTestMemory" file="/Users/azumag/work/obs-stabilizer/tests/test_memory_leaks.cpp" line="360" status="run" result="completed" time="6.139" timestamp="2026-02-16T03:04:31.550" classname="MemoryLeakTest" />
    <testcase name="FrameUtilsColorConversionMemory" file="/Users/azumag/work/obs-stabilizer/tests/test_memory_leaks.cpp" line="390" status="run" result="completed" time="0.14" timestamp="2026-02-16T03:04:37.690" classname="MemoryLeakTest" />
    <testcase name="FrameUtilsValidationMemory" file="/Users/azumag/work/obs-stabilizer/tests/test_memory_leaks.cpp" line="409" status="run" result="completed" time="0.018" timestamp="2026-02-16T03:04:37.830" classname="MemoryLeakTest" />
  </testsuite>
  <testsuite name="VisualStabilizationTest" tests="12" failures="0" disabled="0" skipped="0" errors="0" time="5.553" timestamp="2026-02-16T03:04:37.849">
    <testcase name="ShakeReductionForCameraShake" file="/Users/azumag/work/obs-stabilizer/tests/test_visual_quality.cpp" line="246" status="run" result="completed" time="0.307" timestamp="2026-02-16T03:04:37.849" classname="VisualStabilizationTest" />
    <testcase name="ShakeReductionForHandTremor" file="/Users/azumag/work/obs-stabilizer/tests/test_visual_quality.cpp" line="275" status="run" result="completed" time="0.313" timestamp="2026-02-16T03:04:38.156" classname="VisualStabilizationTest" />
    <testcase name="StrongSmoothingReducesMoreShake" file="/Users/azumag/work/obs-stabilizer/tests/test_visual_quality.cpp" line="310" status="run" result="completed" time="0.563" timestamp="2026-02-16T03:04:38.470" classname="VisualStabilizationTest" />
    <testcase name="ShakeVarianceReduction" file="/Users/azumag/work/obs-stabilizer/tests/test_visual_quality.cpp" line="341" status="run" result="completed" time="0.305" timestamp="2026-02-16T03:04:39.033" classname="VisualStabilizationTest" />
    <testcase name="EdgeMovementReduction" file="/Users/azumag/work/obs-stabilizer/tests/test_visual_quality.cpp" line="398" status="run" result="completed" time="0.178" timestamp="2026-02-16T03:04:39.339" classname="VisualStabilizationTest" />
    <testcase name="PanMotionPreserved" file="/Users/azumag/work/obs-stabilizer/tests/test_visual_quality.cpp" line="455" status="run" result="completed" time="0.312" timestamp="2026-02-16T03:04:39.517" classname="VisualStabilizationTest" />
    <testcase name="StaticSceneRemainsStable" file="/Users/azumag/work/obs-stabilizer/tests/test_visual_quality.cpp" line="479" status="run" result="completed" time="0.246" timestamp="2026-02-16T03:04:39.830" classname="VisualStabilizationTest" />
    <testcase name="ZoomMotionHandling" file="/Users/azumag/work/obs-stabilizer/tests/test_visual_quality.cpp" line="508" status="run" result="completed" time="0.311" timestamp="2026-02-16T03:04:40.076" classname="VisualStabilizationTest" />
    <testcase name="MoreFeaturesImprovesQuality" file="/Users/azumag/work/obs-stabilizer/tests/test_visual_quality.cpp" line="532" status="run" result="completed" time="0.6" timestamp="2026-02-16T03:04:40.388" classname="VisualStabilizationTest" />
    <testcase name="MixedMotionQuality" file="/Users/azumag/work/obs-stabilizer/tests/test_visual_quality.cpp" line="560" status="run" result="completed" time="0.233" timestamp="2026-02-16T03:04:40.988" classname="VisualStabilizationTest" />
    <testcase name="GamingScenarioShakeReduction" file="/Users/azumag/work/obs-stabilizer/tests/test_visual_quality.cpp" line="603" status="run" result="completed" time="0.314" timestamp="2026-02-16T03:04:41.221" classname="VisualStabilizationTest" />
    <testcase name="StreamingScenarioShakeReduction" file="/Users/azumag/work/obs-stabilizer/tests/test_visual_quality.cpp" line="626" status="run" result="completed" time="1.866" timestamp="2026-02-16T03:04:41.536" classname="VisualStabilizationTest" />
  </testsuite>
  <testsuite name="PerformanceThresholdTest" tests="12" failures="0" disabled="3" skipped="0" errors="0" time="8.721" timestamp="2026-02-16T03:04:43.403">
    <testcase name="CPUUsageWithinThreshold" file="/Users/azumag/work/obs-stabilizer/tests/test_performance_thresholds.cpp" line="305" status="run" result="completed" time="0.246" timestamp="2026-02-16T03:04:43.403" classname="PerformanceThresholdTest" />
    <testcase name="DISABLED_CPUUsageScalesWithResolution" file="/Users/azumag/work/obs-stabilizer/tests/test_performance_thresholds.cpp" line="356" status="notrun" result="suppressed" time="0." timestamp="1970-01-01T09:00:00.000" classname="PerformanceThresholdTest" />
    <testcase name="DISABLED_CPUUsageWithMultipleSources" file="/Users/azumag/work/obs-stabilizer/tests/test_performance_thresholds.cpp" line="410" status="notrun" result="suppressed" time="0." timestamp="1970-01-01T09:00:00.000" classname="PerformanceThresholdTest" />
    <testcase name="ProcessingDelayWithinThreshold_HD_30fps" file="/Users/azumag/work/obs-stabilizer/tests/test_performance_thresholds.cpp" line="463" status="run" result="completed" time="1.074" timestamp="2026-02-16T03:04:43.649" classname="PerformanceThresholdTest" />
    <testcase name="ProcessingDelayWithinThreshold_VGA_30fps" file="/Users/azumag/work/obs-stabilizer/tests/test_performance_thresholds.cpp" line="501" status="run" result="completed" time="0.218" timestamp="2026-02-16T03:04:44.724" classname="PerformanceThresholdTest" />
    <testcase name="ProcessingDelayWithDifferentMotionTypes" file="/Users/azumag/work/obs-stabilizer/tests/test_performance_thresholds.cpp" line="527" status="run" result="completed" time="2.316" timestamp="2026-02-16T03:04:44.942" classname="PerformanceThresholdTest" />
    <testcase name="ProcessingDelayWithDifferentSmoothing" file="/Users/azumag/work/obs-stabilizer/tests/test_performance_thresholds.cpp" line="560" status="run" result="completed" time="1.539" timestamp="2026-02-16T03:04:47.259" classname="PerformanceThresholdTest" />
    <testcase name="ProcessingDelayWithDifferentFeatureCounts" file="/Users/azumag/work/obs-stabilizer/tests/test_performance_thresholds.cpp" line="601" status="run" result="completed" time="1.537" timestamp="2026-02-16T03:04:48.798" classname="PerformanceThresholdTest" />
    <testcase name="DISABLED_ProcessingDelayConsistency" file="/Users/azumag/work/obs-stabilizer/tests/test_performance_thresholds.cpp" line="637" status="notrun" result="suppressed" time="0." timestamp="1970-01-01T09:00:00.000" classname="PerformanceThresholdTest" />
    <testcase name="GamingPresetPerformance" file="/Users/azumag/work/obs-stabilizer/tests/test_performance_thresholds.cpp" line="676" status="run" result="completed" time="0.22" timestamp="2026-02-16T03:04:50.335" classname="PerformanceThresholdTest" />
    <testcase name="StreamingPresetPerformance" file="/Users/azumag/work/obs-stabilizer/tests/test_performance_thresholds.cpp" line="698" status="run" result="completed" time="1.101" timestamp="2026-02-16T03:04:50.556" classname="PerformanceThresholdTest" />
    <testcase name="RecordingPresetPerformance" file="/Users/azumag/work/obs-stabilizer/tests/test_performance_thresholds.cpp" line="720" status="run" result="completed" time="0.467" timestamp="2026-02-16T03:04:51.657" classname="PerformanceThresholdTest" />
  </testsuite>
  <testsuite name="MultiSourceTest" tests="10" failures="0" disabled="1" skipped="0" errors="0" time="5.007" timestamp="2026-02-16T03:04:52.124">
    <testcase name="TwoSources" file="/Users/azumag/work/obs-stabilizer/tests/test_multi_source.cpp" line="145" status="run" result="completed" time="0.217" timestamp="2026-02-16T03:04:52.124" classname="MultiSourceTest" />
    <testcase name="FiveSources" file="/Users/azumag/work/obs-stabilizer/tests/test_multi_source.cpp" line="182" status="run" result="completed" time="0.545" timestamp="2026-02-16T03:04:52.342" classname="MultiSourceTest" />
    <testcase name="TenSources" file="/Users/azumag/work/obs-stabilizer/tests/test_multi_source.cpp" line="222" status="run" result="completed" time="0.541" timestamp="2026-02-16T03:04:52.887" classname="MultiSourceTest" />
    <testcase name="MixedResolutionSources" file="/Users/azumag/work/obs-stabilizer/tests/test_multi_source.cpp" line="267" status="run" result="completed" time="0.602" timestamp="2026-02-16T03:04:53.428" classname="MultiSourceTest" />
    <testcase name="DifferentParametersPerSource" file="/Users/azumag/work/obs-stabilizer/tests/test_multi_source.cpp" line="316" status="run" result="completed" time="0.327" timestamp="2026-02-16T03:04:54.031" classname="MultiSourceTest" />
    <testcase name="DynamicAddRemoveSources" file="/Users/azumag/work/obs-stabilizer/tests/test_multi_source.cpp" line="358" status="run" result="completed" time="0.312" timestamp="2026-02-16T03:04:54.359" classname="MultiSourceTest" />
    <testcase name="MemoryUsageWithMultipleSources" file="/Users/azumag/work/obs-stabilizer/tests/test_multi_source.cpp" line="428" status="run" result="completed" time="0.991" timestamp="2026-02-16T03:04:54.672" classname="MultiSourceTest" />
    <testcase name="DISABLED_RapidStartStopMultipleSources" file="/Users/azumag/work/obs-stabilizer/tests/test_multi_source.cpp" line="481" status="notrun" result="suppressed" time="0." timestamp="1970-01-01T09:00:00.000" classname="MultiSourceTest" />
    <testcase name="LongRunningMultipleSources" file="/Users/azumag/work/obs-stabilizer/tests/test_multi_source.cpp" line="520" status="run" result="completed" time="1.308" timestamp="2026-02-16T03:04:55.663" classname="MultiSourceTest" />
    <testcase name="IsolatedSourceFailure" file="/Users/azumag/work/obs-stabilizer/tests/test_multi_source.cpp" line="563" status="run" result="completed" time="0.16" timestamp="2026-02-16T03:04:56.971" classname="MultiSourceTest" />
  </testsuite>
  <testsuite name="PresetManagerTest" tests="13" failures="0" disabled="0" skipped="0" errors="0" time="0.003" timestamp="2026-02-16T03:04:57.132">
    <testcase name="SaveBasicPreset" file="/Users/azumag/work/obs-stabilizer/tests/test_preset_manager.cpp" line="88" status="run" result="completed" time="0." timestamp="2026-02-16T03:04:57.132" classname="PresetManagerTest" />
    <testcase name="SavePresetWithEmptyName" file="/Users/azumag/work/obs-stabilizer/tests/test_preset_manager.cpp" line="101" status="run" result="completed" time="0." timestamp="2026-02-16T03:04:57.133" classname="PresetManagerTest" />
    <testcase name="SavePresetWithSpecialCharacters" file="/Users/azumag/work/obs-stabilizer/tests/test_preset_manager.cpp" line="112" status="run" result="completed" time="0." timestamp="2026-02-16T03:04:57.133" classname="PresetManagerTest" />
    <testcase name="LoadSavedPreset" file="/Users/azumag/work/obs-stabilizer/tests/test_preset_manager.cpp" line="131" status="run" result="completed" time="0." timestamp="2026-02-16T03:04:57.133" classname="PresetManagerTest" />
    <testcase name="LoadNonExistentPreset" file="/Users/azumag/work/obs-stabilizer/tests/test_preset_manager.cpp" line="155" status="run" result="completed" time="0." timestamp="2026-02-16T03:04:57.133" classname="PresetManagerTest" />
    <testcase name="DeleteExistingPreset" file="/Users/azumag/work/obs-stabilizer/tests/test_preset_manager.cpp" line="170" status="run" result="completed" time="0." timestamp="2026-02-16T03:04:57.133" classname="PresetManagerTest" />
    <testcase name="DeleteNonExistentPreset" file="/Users/azumag/work/obs-stabilizer/tests/test_preset_manager.cpp" line="186" status="run" result="completed" time="0." timestamp="2026-02-16T03:04:57.133" classname="PresetManagerTest" />
    <testcase name="ListPresetsWhenEmpty" file="/Users/azumag/work/obs-stabilizer/tests/test_preset_manager.cpp" line="200" status="run" result="completed" time="0." timestamp="2026-02-16T03:04:57.133" classname="PresetManagerTest" />
    <testcase name="ListMultiplePresets" file="/Users/azumag/work/obs-stabilizer/tests/test_preset_manager.cpp" line="213" status="run" result="completed" time="0." timestamp="2026-02-16T03:04:57.134" classname="PresetManagerTest" />
    <testcase name="PresetExistsForExistingPreset" file="/Users/azumag/work/obs-stabilizer/tests/test_preset_manager.cpp" line="245" status="run" result="completed" time="0." timestamp="2026-02-16T03:04:57.134" classname="PresetManagerTest" />
    <testcase name="PresetExistsForNonExistentPreset" file="/Users/azumag/work/obs-stabilizer/tests/test_preset_manager.cpp" line="258" status="run" result="completed" time="0." timestamp="2026-02-16T03:04:57.134" classname="PresetManagerTest" />
    <testcase name="SaveModifyReloadPreset" file="/Users/azumag/work/obs-stabilizer/tests/test_preset_manager.cpp" line="272" status="run" result="completed" time="0." timestamp="2026-02-16T03:04:57.134" classname="PresetManagerTest" />
    <testcase name="OverwriteExistingPreset" file="/Users/azumag/work/obs-stabilizer/tests/test_preset_manager.cpp" line="296" status="run" result="completed" time="0." timestamp="2026-02-16T03:04:57.135" classname="PresetManagerTest" />
  </testsuite>
</testsuites>
